P2-TTA-A4 1/24 ZH-CN_U0021_S0_513 D lang=<|en|> D_E=[0.26463583111763, 0.14778688549995422, 0.10404141247272491] D_ANCHOR=[0.0, 0.01742921769618988, 0.028879886493086815] CLOSER 2.2s
P2-TTA-A4 2/24 ZH-CN_U0023_S0_666 D lang=<|en|> D_E=[0.7008152604103088, 0.47382116317749023, 0.32850539684295654] D_ANCHOR=[0.0, 0.015558131039142609, 0.02860739268362522] CLOSER 0.7s
P2-TTA-A4 3/24 ZH-CN_U0023_S0_87 D lang=<|en|> D_E=[0.32239022850990295, 0.22519883513450623, 0.17235341668128967] D_ANCHOR=[0.0, 0.01089413370937109, 0.0075337025336921215] FARTHER 1.4s
P2-TTA-A4 4/24 ZH-CN_U0023_S0_664 D lang=<|en|> D_E=[0.4631584584712982, 0.3098682463169098, 0.22254016995429993] D_ANCHOR=[0.0, 0.05672994256019592, 0.08588802069425583] FARTHER 0.9s
P2-TTA-A4 5/24 ZH-CN_U0029_S0_472 D lang=<|en|> D_E=[2.9545395374298096, 2.1651854515075684, 1.631920337677002] D_ANCHOR=[0.0, 0.045228976756334305, 0.09645447134971619] SAME 0.5s
P2-TTA-A4 6/24 ZH-CN_U0039_S0_80 D lang=<|en|> D_E=[None, None, None] D_ANCHOR=[0.0, 0.0, 0.0] SAME 0.5s
P2-TTA-A4 7/24 ZH-CN_U0091_S0_68 D lang=<|en|> D_E=[1.245284914970398, 0.9120376706123352, 0.7045974135398865] D_ANCHOR=[0.0, 0.0201730839908123, 0.004909040406346321] SAME 0.6s
P2-TTA-A4 8/24 ZH-CN_U0092_S0_101 D lang=<|en|> D_E=[0.6773049235343933, 0.5095055103302002, 0.40926095843315125] D_ANCHOR=[0.0, 0.019274210557341576, 0.029338736087083817] SAME 0.8s
P2-TTA-A4 9/24 ZH-CN_U0102_S0_80 D lang=<|en|> D_E=[0.24443013966083527, 0.1750946044921875, 0.14119382202625275] D_ANCHOR=[0.0, 0.017528584226965904, 0.022950612008571625] SAME 1.2s
P2-TTA-A4 10/24 ZH-CN_U1003_S0_61 D lang=<|en|> D_E=[6.282772064208984, 4.734673500061035, 3.497258424758911] D_ANCHOR=[0.0, 0.007974797859787941, 0.013636067509651184] SAME 0.6s
P2-TTA-A4 11/24 ZH-CN_U1079_S0_23 D lang=<|en|> D_E=[0.5249469876289368, 0.2959778904914856, 0.13078650832176208] D_ANCHOR=[0.0, 0.0017861269880086184, 0.005499709397554398] SAME 0.9s
P2-TTA-A4 12/24 ZH-CN_U2004_S0_104 D lang=<|ms|> D_E=[4.898814678192139, 2.722827196121216, 2.029841184616089] D_ANCHOR=[0.0, 0.6655722856521606, 0.9182959198951721] SAME 0.7s
P2-TTA-A4 13/24 ZH-CN_U0011_S0_111 A lang=<|zh|> D_E=[0.0, 0.0, 0.0] D_ANCHOR=[0.0, 0.0, 0.0] SAME 0.7s
P2-TTA-A4 14/24 ZH-CN_U0027_S0_116 A lang=<|zh|> D_E=[0.0, 0.0, 0.0] D_ANCHOR=[0.0, 0.0, 0.0] SAME 2.1s
P2-TTA-A4 15/24 ZH-CN_U0085_S0_185 A lang=<|zh|> D_E=[0.0, 0.0, 0.0] D_ANCHOR=[0.0, 0.0, 0.0] SAME 2.6s
P2-TTA-A4 16/24 ZH-CN_U1001_S0_402 A lang=<|zh|> D_E=[0.0, 0.0, 0.0] D_ANCHOR=[0.0, 0.0, 0.0] SAME 1.3s
P2-TTA-A4 17/24 ZH-CN_U1022_S0_71 A lang=<|zh|> D_E=[0.0, 0.0, 0.0] D_ANCHOR=[0.0, 0.0, 0.0] SAME 2.8s
P2-TTA-A4 18/24 ZH-CN_U1027_S0_199 A lang=<|zh|> D_E=[0.0, 0.0, 0.0] D_ANCHOR=[0.0, 0.0, 0.0] SAME 1.5s
P2-TTA-A4 19/24 ZH-CN_U1034_S0_53 A lang=<|zh|> D_E=[None, None, None] D_ANCHOR=[0.0, 0.0, 0.0] SAME 0.7s
P2-TTA-A4 20/24 ZH-CN_U1064_S0_110 A lang=<|zh|> D_E=[0.0, 0.0, 0.0] D_ANCHOR=[0.0, 0.0, 0.0] SAME 2.0s
P2-TTA-A4 21/24 ZH-CN_U1076_S0_24 A lang=<|zh|> D_E=[0.0, 0.0, 0.0] D_ANCHOR=[0.0, 0.0, 0.0] SAME 2.2s
P2-TTA-A4 22/24 ZH-CN_U1081_S0_131 A lang=<|zh|> D_E=[None, None, None] D_ANCHOR=[0.0, 0.0, 0.0] SAME 0.9s
P2-TTA-A4 23/24 ZH-CN_U2012_S0_24 A lang=<|zh|> D_E=[0.0, 0.0, 0.0] D_ANCHOR=[0.0, 0.0, 0.0] SAME 1.4s
P2-TTA-A4 24/24 ZH-CN_U0022_S0_91 A lang=<|zh|> D_E=[0.0, 0.0, 0.0] D_ANCHOR=[0.0, 0.0, 0.0] SAME 1.2s
