TTLS-R1 1/100 ZH-CN_U0011_S0_111 A t*=None |M|=0 T1== T2== T2A== T3== T4== T5== T6== CD=Δ 2.5s
TTLS-R1 2/100 ZH-CN_U0011_S0_54 A t*=None |M|=0 T1== T2== T2A== T3== T4== T5== T6== CD=Δ 2.2s
TTLS-R1 3/100 ZH-CN_U0012_S0_103 A t*=3 |M|=1 T1== T2== T2A== T3=Δ T4== T5=Δ T6== CD=Δ 4.5s
TTLS-R1 4/100 ZH-CN_U0011_S0_503 A t*=None |M|=0 T1== T2== T2A== T3== T4== T5== T6== CD=Δ 2.1s
TTLS-R1 5/100 ZH-CN_U0011_S0_103 A t*=None |M|=0 T1== T2== T2A== T3== T4== T5== T6== CD=Δ 3.1s
TTLS-R1 6/100 ZH-CN_U0022_S0_91 A t*=None |M|=0 T1== T2== T2A== T3== T4== T5== T6== CD=Δ 3.3s
TTLS-R1 7/100 ZH-CN_U0021_S0_225 A t*=None |M|=0 T1== T2== T2A== T3== T4== T5== T6== CD=Δ 4.3s
TTLS-R1 8/100 ZH-CN_U0022_S0_228 A t*=None |M|=0 T1== T2== T2A== T3== T4== T5== T6== CD=Δ 10.6s
TTLS-R1 9/100 ZH-CN_U0022_S0_305 A t*=None |M|=0 T1== T2== T2A== T3== T4== T5== T6== CD== 3.4s
TTLS-R1 10/100 ZH-CN_U0021_S0_513 D t*=None |M|=0 T1== T2== T2A=Δ T3== T4== T5== T6== CD=Δ 5.2s
TTLS-R1 11/100 ZH-CN_U0023_S0_111 A t*=None |M|=0 T1== T2== T2A== T3== T4== T5== T6== CD=Δ 1.8s
TTLS-R1 12/100 ZH-CN_U0023_S0_666 D t*=None |M|=0 T1=Δ T2=Δ T2A=Δ T3== T4== T5== T6== CD=Δ 2.1s
TTLS-R1 13/100 ZH-CN_U0024_S0_283 A t*=None |M|=0 T1== T2== T2A== T3== T4== T5== T6== CD== 1.0s
TTLS-R1 14/100 ZH-CN_U0023_S0_87 D t*=None |M|=0 T1=Δ T2=Δ T2A=Δ T3== T4== T5== T6== CD=Δ 4.8s
TTLS-R1 15/100 ZH-CN_U0023_S0_664 D t*=None |M|=0 T1== T2== T2A=Δ T3== T4== T5== T6== CD== 2.7s
TTLS-R1 16/100 ZH-CN_U0027_S0_116 A t*=None |M|=0 T1=Δ T2=Δ T2A=Δ T3== T4== T5== T6== CD== 7.9s
TTLS-R1 17/100 ZH-CN_U0028_S0_37 A t*=None |M|=0 T1== T2== T2A== T3== T4== T5== T6== CD=Δ 3.6s
TTLS-R1 18/100 ZH-CN_U0027_S0_163 A t*=None |M|=0 T1== T2== T2A== T3== T4== T5== T6== CD=Δ 7.4s
TTLS-R1 19/100 ZH-CN_U0027_S0_144 A t*=None |M|=0 T1== T2== T2A== T3== T4== T5== T6== CD=Δ 9.4s
TTLS-R1 20/100 ZH-CN_U0028_S0_120 A t*=None |M|=1 T1== T2== T2A== T3== T4== T5== T6== CD=Δ 5.8s
TTLS-R1 21/100 ZH-CN_U0029_S0_472 D t*=None |M|=0 T1== T2== T2A== T3== T4== T5== T6== CD== 1.2s
TTLS-R1 22/100 ZH-CN_U0029_S0_204 A t*=1 |M|=1 T1== T2== T2A== T3=Δ T4=Δ T5=Δ T6=Δ CD=Δ 2.8s
TTLS-R1 23/100 ZH-CN_U0029_S0_456 A t*=None |M|=0 T1== T2== T2A== T3== T4== T5== T6== CD=Δ 5.0s
TTLS-R1 24/100 ZH-CN_U0030_S0_81 A t*=None |M|=0 T1== T2== T2A== T3== T4== T5== T6== CD=Δ 7.5s
TTLS-R1 25/100 ZH-CN_U0029_S0_651 A t*=None |M|=0 T1== T2== T2A== T3== T4== T5== T6== CD== 3.0s
TTLS-R1 26/100 ZH-CN_U0039_S0_380 A t*=None |M|=2 T1== T2== T2A=Δ T3== T4== T5== T6== CD=Δ 11.9s
TTLS-R1 27/100 ZH-CN_U0040_S0_141 A t*=None |M|=0 T1== T2== T2A== T3== T4== T5== T6== CD=Δ 1.6s
TTLS-R1 28/100 ZH-CN_U0040_S0_105 A t*=None |M|=0 T1== T2== T2A== T3== T4== T5== T6== CD=Δ 3.3s
TTLS-R1 29/100 ZH-CN_U0039_S0_315 A t*=None |M|=0 T1== T2== T2A== T3== T4== T5== T6== CD=Δ 7.4s
TTLS-R1 30/100 ZH-CN_U0039_S0_80 D t*=None |M|=0 T1== T2== T2A== T3== T4== T5== T6== CD== 1.3s
TTLS-R1 31/100 ZH-CN_U0085_S0_185 A t*=None |M|=0 T1== T2== T2A== T3== T4== T5== T6== CD=Δ 9.3s
TTLS-R1 32/100 ZH-CN_U0086_S0_185 A t*=None |M|=0 T1== T2== T2A== T3== T4== T5== T6== CD=Δ 7.9s
TTLS-R1 33/100 ZH-CN_U0086_S0_2 A t*=None |M|=0 T1== T2== T2A== T3== T4== T5== T6== CD=Δ 2.1s
TTLS-R1 34/100 ZH-CN_U0086_S0_222 A t*=None |M|=0 T1=Δ T2=Δ T2A=Δ T3== T4== T5== T6== CD=Δ 4.7s
TTLS-R1 35/100 ZH-CN_U0086_S0_183 A t*=23 |M|=1 T1== T2== T2A== T3=Δ T4=Δ T5=Δ T6=Δ CD=Δ 9.4s
TTLS-R1 36/100 ZH-CN_U0091_S0_196 A t*=None |M|=0 T1=Δ T2=Δ T2A=Δ T3== T4== T5== T6== CD=Δ 7.9s
TTLS-R1 37/100 ZH-CN_U0091_S0_62 A t*=None |M|=0 T1== T2== T2A== T3== T4== T5== T6== CD=Δ 2.1s
TTLS-R1 38/100 ZH-CN_U0091_S0_68 D t*=None |M|=0 T1=Δ T2=Δ T2A=Δ T3== T4== T5== T6== CD=Δ 1.5s
TTLS-R1 39/100 ZH-CN_U0091_S0_241 A t*=None |M|=0 T1== T2== T2A== T3== T4== T5== T6== CD=Δ 3.1s
TTLS-R1 40/100 ZH-CN_U0092_S0_101 D t*=None |M|=0 T1=Δ T2=Δ T2A== T3== T4== T5== T6== CD=Δ 2.3s
TTLS-R1 41/100 ZH-CN_U0102_S0_80 D t*=None |M|=0 T1== T2== T2A== T3== T4== T5== T6== CD=Δ 3.5s
TTLS-R1 42/100 ZH-CN_U0101_S0_71 A t*=None |M|=0 T1== T2== T2A== T3== T4== T5== T6== CD=Δ 7.1s
TTLS-R1 43/100 ZH-CN_U0102_S0_64 A t*=None |M|=0 T1== T2== T2A== T3== T4== T5== T6== CD=Δ 4.3s
TTLS-R1 44/100 ZH-CN_U0101_S0_190 A t*=None |M|=0 T1=Δ T2=Δ T2A== T3== T4== T5== T6== CD=Δ 7.7s
TTLS-R1 45/100 ZH-CN_U0102_S0_44 A t*=None |M|=0 T1== T2== T2A== T3== T4== T5== T6== CD== 3.3s
TTLS-R1 46/100 ZH-CN_U1001_S0_402 A t*=None |M|=0 T1== T2== T2A== T3== T4== T5== T6== CD=Δ 3.9s
TTLS-R1 47/100 ZH-CN_U1002_S0_488 A t*=None |M|=0 T1== T2== T2A== T3== T4== T5== T6== CD=Δ 4.2s
TTLS-R1 48/100 ZH-CN_U1001_S0_482 A t*=None |M|=0 T1== T2== T2A== T3== T4== T5== T6== CD=Δ 2.6s
TTLS-R1 49/100 ZH-CN_U1002_S0_284 A t*=None |M|=0 T1== T2== T2A== T3== T4== T5== T6== CD== 1.5s
TTLS-R1 50/100 ZH-CN_U1001_S0_44 A t*=None |M|=0 T1== T2== T2A== T3== T4== T5== T6== CD=Δ 2.3s
TTLS-R1 51/100 ZH-CN_U1003_S0_141 A t*=None |M|=0 T1=Δ T2=Δ T2A== T3== T4== T5== T6== CD=Δ 15.4s
TTLS-R1 52/100 ZH-CN_U1004_S0_221 A t*=None |M|=0 T1== T2== T2A=Δ T3== T4== T5== T6== CD=Δ 6.7s
TTLS-R1 53/100 ZH-CN_U1003_S0_61 D t*=None |M|=0 T1== T2== T2A== T3== T4== T5== T6== CD== 1.2s
TTLS-R1 54/100 ZH-CN_U1003_S0_63 A t*=33 |M|=1 T1=Δ T2=Δ T2A=Δ T3=Δ T4=Δ T5=Δ T6=Δ CD=Δ 12.9s
TTLS-R1 55/100 ZH-CN_U1003_S0_94 A t*=None |M|=0 T1== T2== T2A== T3== T4== T5== T6== CD=Δ 2.7s
TTLS-R1 56/100 ZH-CN_U1022_S0_71 A t*=None |M|=0 T1== T2== T2A== T3== T4== T5== T6== CD=Δ 8.8s
TTLS-R1 57/100 ZH-CN_U1022_S0_66 A t*=None |M|=0 T1== T2== T2A== T3== T4== T5== T6== CD== 2.0s
TTLS-R1 58/100 ZH-CN_U1021_S0_195 A t*=None |M|=0 T1== T2== T2A== T3== T4== T5== T6== CD=Δ 6.3s
TTLS-R1 59/100 ZH-CN_U1021_S0_68 A t*=None |M|=0 T1== T2== T2A== T3== T4== T5== T6== CD=Δ 6.6s
TTLS-R1 60/100 ZH-CN_U1021_S0_173 A t*=None |M|=1 T1== T2== T2A== T3== T4== T5== T6== CD=Δ 5.0s
TTLS-R1 61/100 ZH-CN_U1027_S0_199 A t*=None |M|=0 T1== T2== T2A== T3== T4== T5== T6== CD== 3.6s
TTLS-R1 62/100 ZH-CN_U1028_S0_184 A t*=None |M|=0 T1== T2== T2A== T3== T4== T5== T6== CD=Δ 2.8s
TTLS-R1 63/100 ZH-CN_U1028_S0_38 A t*=None |M|=0 T1== T2== T2A== T3== T4== T5== T6== CD=Δ 5.8s
TTLS-R1 64/100 ZH-CN_U1028_S0_40 A t*=None |M|=0 T1== T2== T2A== T3== T4== T5== T6== CD=Δ 10.6s
TTLS-R1 65/100 ZH-CN_U1028_S0_176 A t*=None |M|=0 T1== T2== T2A== T3== T4== T5== T6== CD=Δ 6.8s
TTLS-R1 66/100 ZH-CN_U1034_S0_53 A t*=4 |M|=1 T1== T2== T2A== T3=Δ T4=Δ T5=Δ T6=Δ CD=Δ 2.7s
TTLS-R1 67/100 ZH-CN_U1033_S0_199 A t*=None |M|=0 T1== T2== T2A== T3== T4== T5== T6== CD=Δ 5.2s
TTLS-R1 68/100 ZH-CN_U1033_S0_191 A t*=None |M|=0 T1== T2== T2A== T3== T4== T5== T6== CD=Δ 5.0s
TTLS-R1 69/100 ZH-CN_U1034_S0_177 A t*=None |M|=1 T1== T2== T2A== T3== T4== T5== T6== CD=Δ 2.1s
TTLS-R1 70/100 ZH-CN_U1034_S0_173 A t*=None |M|=0 T1== T2== T2A== T3== T4== T5== T6== CD=Δ 6.9s
TTLS-R1 71/100 ZH-CN_U1064_S0_110 A t*=None |M|=0 T1== T2== T2A== T3== T4== T5== T6== CD== 6.4s
TTLS-R1 72/100 ZH-CN_U1064_S0_26 A t*=None |M|=0 T1== T2== T2A== T3== T4== T5== T6== CD=Δ 10.3s
TTLS-R1 73/100 ZH-CN_U1064_S0_95 A t*=None |M|=0 T1== T2== T2A== T3== T4== T5== T6== CD=Δ 7.5s
TTLS-R1 74/100 ZH-CN_U1064_S0_100 A t*=None |M|=0 T1== T2== T2A== T3== T4== T5== T6== CD=Δ 9.9s
TTLS-R1 75/100 ZH-CN_U1063_S0_54 A t*=None |M|=0 T1=Δ T2== T2A== T3== T4== T5== T6== CD=Δ 9.1s
TTLS-R1 76/100 ZH-CN_U1076_S0_24 A t*=None |M|=0 T1== T2== T2A== T3== T4== T5== T6== CD=Δ 7.3s
TTLS-R1 77/100 ZH-CN_U1076_S0_35 A t*=None |M|=0 T1== T2== T2A== T3== T4== T5== T6== CD=Δ 10.0s
TTLS-R1 78/100 ZH-CN_U1076_S0_154 A t*=None |M|=0 T1== T2== T2A== T3== T4== T5== T6== CD=Δ 6.4s
TTLS-R1 79/100 ZH-CN_U1076_S0_178 A t*=None |M|=0 T1== T2== T2A== T3== T4== T5== T6== CD=Δ 8.0s
TTLS-R1 80/100 ZH-CN_U1076_S0_26 A t*=None |M|=0 T1== T2== T2A== T3== T4== T5== T6== CD=Δ 8.1s
TTLS-R1 81/100 ZH-CN_U1079_S0_23 D t*=None |M|=0 T1== T2== T2A== T3== T4== T5== T6== CD== 2.1s
TTLS-R1 82/100 ZH-CN_U1080_S0_43 A t*=None |M|=0 T1== T2== T2A== T3== T4== T5== T6== CD=Δ 7.9s
TTLS-R1 83/100 ZH-CN_U1080_S0_64 A t*=None |M|=0 T1== T2== T2A== T3== T4== T5== T6== CD=Δ 8.3s
TTLS-R1 84/100 ZH-CN_U1079_S0_54 A t*=None |M|=0 T1== T2== T2A== T3== T4== T5== T6== CD=Δ 2.0s
TTLS-R1 85/100 ZH-CN_U1079_S0_68 A t*=None |M|=0 T1== T2== T2A== T3== T4== T5== T6== CD=Δ 4.4s
TTLS-R1 86/100 ZH-CN_U1081_S0_131 A t*=None |M|=0 T1== T2== T2A== T3== T4== T5== T6== CD== 2.4s
TTLS-R1 87/100 ZH-CN_U1081_S0_76 A t*=None |M|=0 T1== T2== T2A== T3== T4== T5== T6== CD== 2.6s
TTLS-R1 88/100 ZH-CN_U1082_S0_67 A t*=None |M|=0 T1== T2== T2A== T3== T4== T5== T6== CD=Δ 6.6s
TTLS-R1 89/100 ZH-CN_U1081_S0_172 A t*=None |M|=0 T1== T2== T2A== T3== T4== T5== T6== CD=Δ 3.7s
TTLS-R1 90/100 ZH-CN_U1081_S0_65 A t*=None |M|=0 T1== T2== T2A== T3== T4== T5== T6== CD=Δ 3.1s
TTLS-R1 91/100 ZH-CN_U2004_S0_266 A t*=None |M|=0 T1== T2== T2A== T3== T4== T5== T6== CD=Δ 1.7s
TTLS-R1 92/100 ZH-CN_U2004_S0_154 A t*=None |M|=0 T1== T2== T2A== T3== T4== T5== T6== CD=Δ 4.7s
TTLS-R1 93/100 ZH-CN_U2004_S0_150 A t*=None |M|=0 T1== T2== T2A== T3== T4== T5== T6== CD=Δ 2.0s
TTLS-R1 94/100 ZH-CN_U2004_S0_104 D t*=None |M|=0 T1== T2== T2A== T3== T4== T5== T6== CD=Δ 2.0s
TTLS-R1 95/100 ZH-CN_U2004_S0_287 A t*=None |M|=0 T1== T2== T2A== T3== T4== T5== T6== CD=Δ 2.6s
TTLS-R1 96/100 ZH-CN_U2012_S0_24 A t*=None |M|=0 T1== T2== T2A== T3== T4== T5== T6== CD=Δ 4.0s
TTLS-R1 97/100 ZH-CN_U2011_S0_22 A t*=None |M|=0 T1== T2== T2A== T3== T4== T5== T6== CD=Δ 4.6s
TTLS-R1 98/100 ZH-CN_U2011_S0_99 A t*=4 |M|=1 T1== T2== T2A== T3=Δ T4=Δ T5=Δ T6=Δ CD=Δ 4.3s
TTLS-R1 99/100 ZH-CN_U2011_S0_36 A t*=None |M|=1 T1== T2== T2A== T3== T4== T5== T6== CD=Δ 4.3s
TTLS-R1 100/100 ZH-CN_U2011_S0_108 A t*=None |M|=0 T1== T2== T2A== T3== T4== T5== T6== CD=Δ 5.8s
