P2-PATH4 phase1 1/100 ZH-CN_U0011_S0_111 A2==sealed True masters True theta0==B0 True
P2-PATH4 phase1 2/100 ZH-CN_U0011_S0_54 A2==sealed True masters True theta0==B0 True
P2-PATH4 phase1 3/100 ZH-CN_U0012_S0_103 A2==sealed True masters True theta0==B0 True
P2-PATH4 phase1 4/100 ZH-CN_U0011_S0_503 A2==sealed True masters True theta0==B0 True
P2-PATH4 phase1 5/100 ZH-CN_U0011_S0_103 A2==sealed True masters True theta0==B0 True
P2-PATH4 phase1 6/100 ZH-CN_U0022_S0_91 A2==sealed True masters True theta0==B0 True
P2-PATH4 phase1 7/100 ZH-CN_U0021_S0_225 A2==sealed True masters True theta0==B0 True
P2-PATH4 phase1 8/100 ZH-CN_U0022_S0_228 A2==sealed True masters True theta0==B0 True
P2-PATH4 phase1 9/100 ZH-CN_U0022_S0_305 A2==sealed True masters True theta0==B0 True
P2-PATH4 phase1 10/100 ZH-CN_U0021_S0_513 A2==sealed True masters True theta0==B0 True
P2-PATH4 phase1 11/100 ZH-CN_U0023_S0_111 A2==sealed True masters True theta0==B0 True
P2-PATH4 phase1 12/100 ZH-CN_U0023_S0_666 A2==sealed True masters True theta0==B0 True
P2-PATH4 phase1 13/100 ZH-CN_U0024_S0_283 A2==sealed True masters True theta0==B0 True
P2-PATH4 phase1 14/100 ZH-CN_U0023_S0_87 A2==sealed True masters True theta0==B0 True
P2-PATH4 phase1 15/100 ZH-CN_U0023_S0_664 A2==sealed True masters True theta0==B0 True
P2-PATH4 phase1 16/100 ZH-CN_U0027_S0_116 A2==sealed True masters True theta0==B0 True
P2-PATH4 phase1 17/100 ZH-CN_U0028_S0_37 A2==sealed True masters True theta0==B0 True
P2-PATH4 phase1 18/100 ZH-CN_U0027_S0_163 A2==sealed True masters True theta0==B0 True
P2-PATH4 phase1 19/100 ZH-CN_U0027_S0_144 A2==sealed True masters True theta0==B0 True
P2-PATH4 phase1 20/100 ZH-CN_U0028_S0_120 A2==sealed True masters True theta0==B0 True
P2-PATH4 phase1 21/100 ZH-CN_U0029_S0_472 A2==sealed True masters True theta0==B0 True
P2-PATH4 phase1 22/100 ZH-CN_U0029_S0_204 A2==sealed True masters True theta0==B0 True
P2-PATH4 phase1 23/100 ZH-CN_U0029_S0_456 A2==sealed True masters True theta0==B0 True
P2-PATH4 phase1 24/100 ZH-CN_U0030_S0_81 A2==sealed True masters True theta0==B0 True
P2-PATH4 phase1 25/100 ZH-CN_U0029_S0_651 A2==sealed True masters True theta0==B0 True
P2-PATH4 phase1 26/100 ZH-CN_U0039_S0_380 A2==sealed True masters True theta0==B0 True
P2-PATH4 phase1 27/100 ZH-CN_U0040_S0_141 A2==sealed True masters True theta0==B0 True
P2-PATH4 phase1 28/100 ZH-CN_U0040_S0_105 A2==sealed True masters True theta0==B0 True
P2-PATH4 phase1 29/100 ZH-CN_U0039_S0_315 A2==sealed True masters True theta0==B0 True
P2-PATH4 phase1 30/100 ZH-CN_U0039_S0_80 A2==sealed True masters True theta0==B0 True
P2-PATH4 phase1 31/100 ZH-CN_U0085_S0_185 A2==sealed True masters True theta0==B0 True
P2-PATH4 phase1 32/100 ZH-CN_U0086_S0_185 A2==sealed True masters True theta0==B0 True
P2-PATH4 phase1 33/100 ZH-CN_U0086_S0_2 A2==sealed True masters True theta0==B0 True
P2-PATH4 phase1 34/100 ZH-CN_U0086_S0_222 A2==sealed True masters True theta0==B0 True
P2-PATH4 phase1 35/100 ZH-CN_U0086_S0_183 A2==sealed True masters True theta0==B0 True
P2-PATH4 phase1 36/100 ZH-CN_U0091_S0_196 A2==sealed True masters True theta0==B0 True
P2-PATH4 phase1 37/100 ZH-CN_U0091_S0_62 A2==sealed True masters True theta0==B0 True
P2-PATH4 phase1 38/100 ZH-CN_U0091_S0_68 A2==sealed True masters True theta0==B0 True
P2-PATH4 phase1 39/100 ZH-CN_U0091_S0_241 A2==sealed True masters True theta0==B0 True
P2-PATH4 phase1 40/100 ZH-CN_U0092_S0_101 A2==sealed True masters True theta0==B0 True
P2-PATH4 phase1 41/100 ZH-CN_U0102_S0_80 A2==sealed True masters True theta0==B0 True
P2-PATH4 phase1 42/100 ZH-CN_U0101_S0_71 A2==sealed True masters True theta0==B0 True
P2-PATH4 phase1 43/100 ZH-CN_U0102_S0_64 A2==sealed True masters True theta0==B0 True
P2-PATH4 phase1 44/100 ZH-CN_U0101_S0_190 A2==sealed True masters True theta0==B0 True
P2-PATH4 phase1 45/100 ZH-CN_U0102_S0_44 A2==sealed True masters True theta0==B0 True
P2-PATH4 phase1 46/100 ZH-CN_U1001_S0_402 A2==sealed True masters True theta0==B0 True
P2-PATH4 phase1 47/100 ZH-CN_U1002_S0_488 A2==sealed True masters True theta0==B0 True
P2-PATH4 phase1 48/100 ZH-CN_U1001_S0_482 A2==sealed True masters True theta0==B0 True
P2-PATH4 phase1 49/100 ZH-CN_U1002_S0_284 A2==sealed True masters True theta0==B0 True
P2-PATH4 phase1 50/100 ZH-CN_U1001_S0_44 A2==sealed True masters True theta0==B0 True
P2-PATH4 phase1 51/100 ZH-CN_U1003_S0_141 A2==sealed True masters True theta0==B0 True
P2-PATH4 phase1 52/100 ZH-CN_U1004_S0_221 A2==sealed True masters True theta0==B0 True
P2-PATH4 phase1 53/100 ZH-CN_U1003_S0_61 A2==sealed True masters True theta0==B0 True
P2-PATH4 phase1 54/100 ZH-CN_U1003_S0_63 A2==sealed True masters True theta0==B0 True
P2-PATH4 phase1 55/100 ZH-CN_U1003_S0_94 A2==sealed True masters True theta0==B0 True
P2-PATH4 phase1 56/100 ZH-CN_U1022_S0_71 A2==sealed True masters True theta0==B0 True
P2-PATH4 phase1 57/100 ZH-CN_U1022_S0_66 A2==sealed True masters True theta0==B0 True
P2-PATH4 phase1 58/100 ZH-CN_U1021_S0_195 A2==sealed True masters True theta0==B0 True
P2-PATH4 phase1 59/100 ZH-CN_U1021_S0_68 A2==sealed True masters True theta0==B0 True
P2-PATH4 phase1 60/100 ZH-CN_U1021_S0_173 A2==sealed True masters True theta0==B0 True
P2-PATH4 phase1 61/100 ZH-CN_U1027_S0_199 A2==sealed True masters True theta0==B0 True
P2-PATH4 phase1 62/100 ZH-CN_U1028_S0_184 A2==sealed True masters True theta0==B0 True
P2-PATH4 phase1 63/100 ZH-CN_U1028_S0_38 A2==sealed True masters True theta0==B0 True
P2-PATH4 phase1 64/100 ZH-CN_U1028_S0_40 A2==sealed True masters True theta0==B0 True
P2-PATH4 phase1 65/100 ZH-CN_U1028_S0_176 A2==sealed True masters True theta0==B0 True
P2-PATH4 phase1 66/100 ZH-CN_U1034_S0_53 A2==sealed True masters True theta0==B0 True
P2-PATH4 phase1 67/100 ZH-CN_U1033_S0_199 A2==sealed True masters True theta0==B0 True
P2-PATH4 phase1 68/100 ZH-CN_U1033_S0_191 A2==sealed True masters True theta0==B0 True
P2-PATH4 phase1 69/100 ZH-CN_U1034_S0_177 A2==sealed True masters True theta0==B0 True
P2-PATH4 phase1 70/100 ZH-CN_U1034_S0_173 A2==sealed True masters True theta0==B0 True
P2-PATH4 phase1 71/100 ZH-CN_U1064_S0_110 A2==sealed True masters True theta0==B0 True
P2-PATH4 phase1 72/100 ZH-CN_U1064_S0_26 A2==sealed True masters True theta0==B0 True
P2-PATH4 phase1 73/100 ZH-CN_U1064_S0_95 A2==sealed True masters True theta0==B0 True
P2-PATH4 phase1 74/100 ZH-CN_U1064_S0_100 A2==sealed True masters True theta0==B0 True
P2-PATH4 phase1 75/100 ZH-CN_U1063_S0_54 A2==sealed True masters True theta0==B0 True
P2-PATH4 phase1 76/100 ZH-CN_U1076_S0_24 A2==sealed True masters True theta0==B0 True
P2-PATH4 phase1 77/100 ZH-CN_U1076_S0_35 A2==sealed True masters True theta0==B0 True
P2-PATH4 phase1 78/100 ZH-CN_U1076_S0_154 A2==sealed True masters True theta0==B0 True
P2-PATH4 phase1 79/100 ZH-CN_U1076_S0_178 A2==sealed True masters True theta0==B0 True
P2-PATH4 phase1 80/100 ZH-CN_U1076_S0_26 A2==sealed True masters True theta0==B0 True
P2-PATH4 phase1 81/100 ZH-CN_U1079_S0_23 A2==sealed True masters True theta0==B0 True
P2-PATH4 phase1 82/100 ZH-CN_U1080_S0_43 A2==sealed True masters True theta0==B0 True
P2-PATH4 phase1 83/100 ZH-CN_U1080_S0_64 A2==sealed True masters True theta0==B0 True
P2-PATH4 phase1 84/100 ZH-CN_U1079_S0_54 A2==sealed True masters True theta0==B0 True
P2-PATH4 phase1 85/100 ZH-CN_U1079_S0_68 A2==sealed True masters True theta0==B0 True
P2-PATH4 phase1 86/100 ZH-CN_U1081_S0_131 A2==sealed True masters True theta0==B0 True
P2-PATH4 phase1 87/100 ZH-CN_U1081_S0_76 A2==sealed True masters True theta0==B0 True
P2-PATH4 phase1 88/100 ZH-CN_U1082_S0_67 A2==sealed True masters True theta0==B0 True
P2-PATH4 phase1 89/100 ZH-CN_U1081_S0_172 A2==sealed True masters True theta0==B0 True
P2-PATH4 phase1 90/100 ZH-CN_U1081_S0_65 A2==sealed True masters True theta0==B0 True
P2-PATH4 phase1 91/100 ZH-CN_U2004_S0_266 A2==sealed True masters True theta0==B0 True
P2-PATH4 phase1 92/100 ZH-CN_U2004_S0_154 A2==sealed True masters True theta0==B0 True
P2-PATH4 phase1 93/100 ZH-CN_U2004_S0_150 A2==sealed True masters True theta0==B0 True
P2-PATH4 phase1 94/100 ZH-CN_U2004_S0_104 A2==sealed True masters True theta0==B0 True
P2-PATH4 phase1 95/100 ZH-CN_U2004_S0_287 A2==sealed True masters True theta0==B0 True
P2-PATH4 phase1 96/100 ZH-CN_U2012_S0_24 A2==sealed True masters True theta0==B0 True
P2-PATH4 phase1 97/100 ZH-CN_U2011_S0_22 A2==sealed True masters True theta0==B0 True
P2-PATH4 phase1 98/100 ZH-CN_U2011_S0_99 A2==sealed True masters True theta0==B0 True
P2-PATH4 phase1 99/100 ZH-CN_U2011_S0_36 A2==sealed True masters True theta0==B0 True
P2-PATH4 phase1 100/100 ZH-CN_U2011_S0_108 A2==sealed True masters True theta0==B0 True
P2-PATH4 phase2 1/100 ZH-CN_U0011_S0_111 mode NO_TRIGGER
P2-PATH4 phase2 2/100 ZH-CN_U0011_S0_54 mode NO_TRIGGER
P2-PATH4 phase2 3/100 ZH-CN_U0012_S0_103 mode NO_TRIGGER
P2-PATH4 phase2 4/100 ZH-CN_U0011_S0_503 mode NO_TRIGGER
P2-PATH4 phase2 5/100 ZH-CN_U0011_S0_103 mode NO_TRIGGER
P2-PATH4 phase2 6/100 ZH-CN_U0022_S0_91 mode NO_TRIGGER
P2-PATH4 phase2 7/100 ZH-CN_U0021_S0_225 mode NO_TRIGGER
P2-PATH4 phase2 8/100 ZH-CN_U0022_S0_228 mode NO_TRIGGER
P2-PATH4 phase2 9/100 ZH-CN_U0022_S0_305 mode NO_TRIGGER
P2-PATH4 phase2 10/100 ZH-CN_U0021_S0_513 mode CONTENT_G1 k 0 winner A4 margin -1.0947
P2-PATH4 phase2 11/100 ZH-CN_U0023_S0_111 mode NO_TRIGGER
P2-PATH4 phase2 12/100 ZH-CN_U0023_S0_666 mode CONTENT_G1 k 5 winner A4 margin -0.0158
P2-PATH4 phase2 13/100 ZH-CN_U0024_S0_283 mode NO_TRIGGER
P2-PATH4 phase2 14/100 ZH-CN_U0023_S0_87 mode CONTENT_G1 k 13 winner A4 margin -0.0355
P2-PATH4 phase2 15/100 ZH-CN_U0023_S0_664 mode CONTENT_G1 k 0 winner theta0 margin 0.9219
P2-PATH4 phase2 16/100 ZH-CN_U0027_S0_116 mode EOS_BOUNDARY k 75 winner A2 margin -0.3750
P2-PATH4 phase2 17/100 ZH-CN_U0028_S0_37 mode NO_TRIGGER
P2-PATH4 phase2 18/100 ZH-CN_U0027_S0_163 mode NO_TRIGGER
P2-PATH4 phase2 19/100 ZH-CN_U0027_S0_144 mode NO_TRIGGER
P2-PATH4 phase2 20/100 ZH-CN_U0028_S0_120 mode NO_TRIGGER
P2-PATH4 phase2 21/100 ZH-CN_U0029_S0_472 mode NO_TRIGGER
P2-PATH4 phase2 22/100 ZH-CN_U0029_S0_204 mode NO_TRIGGER
P2-PATH4 phase2 23/100 ZH-CN_U0029_S0_456 mode NO_TRIGGER
P2-PATH4 phase2 24/100 ZH-CN_U0030_S0_81 mode NO_TRIGGER
P2-PATH4 phase2 25/100 ZH-CN_U0029_S0_651 mode NO_TRIGGER
P2-PATH4 phase2 26/100 ZH-CN_U0039_S0_380 mode CONTENT_G1 k 1 winner theta0 margin 0.0124
P2-PATH4 phase2 27/100 ZH-CN_U0040_S0_141 mode NO_TRIGGER
P2-PATH4 phase2 28/100 ZH-CN_U0040_S0_105 mode NO_TRIGGER
P2-PATH4 phase2 29/100 ZH-CN_U0039_S0_315 mode NO_TRIGGER
P2-PATH4 phase2 30/100 ZH-CN_U0039_S0_80 mode NO_TRIGGER
P2-PATH4 phase2 31/100 ZH-CN_U0085_S0_185 mode NO_TRIGGER
P2-PATH4 phase2 32/100 ZH-CN_U0086_S0_185 mode NO_TRIGGER
P2-PATH4 phase2 33/100 ZH-CN_U0086_S0_2 mode NO_TRIGGER
P2-PATH4 phase2 34/100 ZH-CN_U0086_S0_222 mode EOS_BOUNDARY k 35 winner A2 margin -0.9375
P2-PATH4 phase2 35/100 ZH-CN_U0086_S0_183 mode NO_TRIGGER
P2-PATH4 phase2 36/100 ZH-CN_U0091_S0_196 mode EOS_BOUNDARY k 84 winner theta0 margin 0.0313
P2-PATH4 phase2 37/100 ZH-CN_U0091_S0_62 mode NO_TRIGGER
P2-PATH4 phase2 38/100 ZH-CN_U0091_S0_68 mode CONTENT_G1 k 0 winner theta0 margin 0.8838
P2-PATH4 phase2 39/100 ZH-CN_U0091_S0_241 mode NO_TRIGGER
P2-PATH4 phase2 40/100 ZH-CN_U0092_S0_101 mode CONTENT_G1 k 10 winner theta0 margin 0.0483
P2-PATH4 phase2 41/100 ZH-CN_U0102_S0_80 mode NO_TRIGGER
P2-PATH4 phase2 42/100 ZH-CN_U0101_S0_71 mode NO_TRIGGER
P2-PATH4 phase2 43/100 ZH-CN_U0102_S0_64 mode NO_TRIGGER
P2-PATH4 phase2 44/100 ZH-CN_U0101_S0_190 mode CONTENT_G1 k 15 winner A4 margin -0.0774
P2-PATH4 phase2 45/100 ZH-CN_U0102_S0_44 mode NO_TRIGGER
P2-PATH4 phase2 46/100 ZH-CN_U1001_S0_402 mode NO_TRIGGER
P2-PATH4 phase2 47/100 ZH-CN_U1002_S0_488 mode NO_TRIGGER
P2-PATH4 phase2 48/100 ZH-CN_U1001_S0_482 mode NO_TRIGGER
P2-PATH4 phase2 49/100 ZH-CN_U1002_S0_284 mode NO_TRIGGER
P2-PATH4 phase2 50/100 ZH-CN_U1001_S0_44 mode NO_TRIGGER
P2-PATH4 phase2 51/100 ZH-CN_U1003_S0_141 mode NO_TRIGGER
P2-PATH4 phase2 52/100 ZH-CN_U1004_S0_221 mode EOS_BOUNDARY k 50 winner theta0 margin 0.1250
P2-PATH4 phase2 53/100 ZH-CN_U1003_S0_61 mode NO_TRIGGER
P2-PATH4 phase2 54/100 ZH-CN_U1003_S0_63 mode CONTENT_G1 k 64 winner A4 margin -0.1272
P2-PATH4 phase2 55/100 ZH-CN_U1003_S0_94 mode NO_TRIGGER
P2-PATH4 phase2 56/100 ZH-CN_U1022_S0_71 mode NO_TRIGGER
P2-PATH4 phase2 57/100 ZH-CN_U1022_S0_66 mode NO_TRIGGER
P2-PATH4 phase2 58/100 ZH-CN_U1021_S0_195 mode NO_TRIGGER
P2-PATH4 phase2 59/100 ZH-CN_U1021_S0_68 mode NO_TRIGGER
P2-PATH4 phase2 60/100 ZH-CN_U1021_S0_173 mode NO_TRIGGER
P2-PATH4 phase2 61/100 ZH-CN_U1027_S0_199 mode NO_TRIGGER
P2-PATH4 phase2 62/100 ZH-CN_U1028_S0_184 mode NO_TRIGGER
P2-PATH4 phase2 63/100 ZH-CN_U1028_S0_38 mode NO_TRIGGER
P2-PATH4 phase2 64/100 ZH-CN_U1028_S0_40 mode NO_TRIGGER
P2-PATH4 phase2 65/100 ZH-CN_U1028_S0_176 mode NO_TRIGGER
P2-PATH4 phase2 66/100 ZH-CN_U1034_S0_53 mode NO_TRIGGER
P2-PATH4 phase2 67/100 ZH-CN_U1033_S0_199 mode NO_TRIGGER
P2-PATH4 phase2 68/100 ZH-CN_U1033_S0_191 mode NO_TRIGGER
P2-PATH4 phase2 69/100 ZH-CN_U1034_S0_177 mode NO_TRIGGER
P2-PATH4 phase2 70/100 ZH-CN_U1034_S0_173 mode NO_TRIGGER
P2-PATH4 phase2 71/100 ZH-CN_U1064_S0_110 mode NO_TRIGGER
P2-PATH4 phase2 72/100 ZH-CN_U1064_S0_26 mode CONTENT_G1 k 1 winner A4 margin -0.0829
P2-PATH4 phase2 73/100 ZH-CN_U1064_S0_95 mode NO_TRIGGER
P2-PATH4 phase2 74/100 ZH-CN_U1064_S0_100 mode NO_TRIGGER
P2-PATH4 phase2 75/100 ZH-CN_U1063_S0_54 mode NO_TRIGGER
P2-PATH4 phase2 76/100 ZH-CN_U1076_S0_24 mode NO_TRIGGER
P2-PATH4 phase2 77/100 ZH-CN_U1076_S0_35 mode NO_TRIGGER
P2-PATH4 phase2 78/100 ZH-CN_U1076_S0_154 mode NO_TRIGGER
P2-PATH4 phase2 79/100 ZH-CN_U1076_S0_178 mode NO_TRIGGER
P2-PATH4 phase2 80/100 ZH-CN_U1076_S0_26 mode NO_TRIGGER
P2-PATH4 phase2 81/100 ZH-CN_U1079_S0_23 mode NO_TRIGGER
P2-PATH4 phase2 82/100 ZH-CN_U1080_S0_43 mode NO_TRIGGER
P2-PATH4 phase2 83/100 ZH-CN_U1080_S0_64 mode NO_TRIGGER
P2-PATH4 phase2 84/100 ZH-CN_U1079_S0_54 mode NO_TRIGGER
P2-PATH4 phase2 85/100 ZH-CN_U1079_S0_68 mode NO_TRIGGER
P2-PATH4 phase2 86/100 ZH-CN_U1081_S0_131 mode NO_TRIGGER
P2-PATH4 phase2 87/100 ZH-CN_U1081_S0_76 mode NO_TRIGGER
P2-PATH4 phase2 88/100 ZH-CN_U1082_S0_67 mode NO_TRIGGER
P2-PATH4 phase2 89/100 ZH-CN_U1081_S0_172 mode NO_TRIGGER
P2-PATH4 phase2 90/100 ZH-CN_U1081_S0_65 mode NO_TRIGGER
P2-PATH4 phase2 91/100 ZH-CN_U2004_S0_266 mode NO_TRIGGER
P2-PATH4 phase2 92/100 ZH-CN_U2004_S0_154 mode NO_TRIGGER
P2-PATH4 phase2 93/100 ZH-CN_U2004_S0_150 mode NO_TRIGGER
P2-PATH4 phase2 94/100 ZH-CN_U2004_S0_104 mode NO_TRIGGER
P2-PATH4 phase2 95/100 ZH-CN_U2004_S0_287 mode NO_TRIGGER
P2-PATH4 phase2 96/100 ZH-CN_U2012_S0_24 mode NO_TRIGGER
P2-PATH4 phase2 97/100 ZH-CN_U2011_S0_22 mode NO_TRIGGER
P2-PATH4 phase2 98/100 ZH-CN_U2011_S0_99 mode NO_TRIGGER
P2-PATH4 phase2 99/100 ZH-CN_U2011_S0_36 mode NO_TRIGGER
P2-PATH4 phase2 100/100 ZH-CN_U2011_S0_108 mode NO_TRIGGER
