P2-PATH5 fixed phase1 1/100 ZH-CN_U0011_S0_111 A2==sealed True masters True theta0==B0 True
P2-PATH5 fixed phase1 2/100 ZH-CN_U0011_S0_54 A2==sealed True masters True theta0==B0 True
P2-PATH5 fixed phase1 3/100 ZH-CN_U0012_S0_103 A2==sealed True masters True theta0==B0 True
P2-PATH5 fixed phase1 4/100 ZH-CN_U0011_S0_503 A2==sealed True masters True theta0==B0 True
P2-PATH5 fixed phase1 5/100 ZH-CN_U0011_S0_103 A2==sealed True masters True theta0==B0 True
P2-PATH5 fixed phase1 6/100 ZH-CN_U0022_S0_91 A2==sealed True masters True theta0==B0 True
P2-PATH5 fixed phase1 7/100 ZH-CN_U0021_S0_225 A2==sealed True masters True theta0==B0 True
P2-PATH5 fixed phase1 8/100 ZH-CN_U0022_S0_228 A2==sealed True masters True theta0==B0 True
P2-PATH5 fixed phase1 9/100 ZH-CN_U0022_S0_305 A2==sealed True masters True theta0==B0 True
P2-PATH5 fixed phase1 10/100 ZH-CN_U0021_S0_513 A2==sealed True masters True theta0==B0 True
P2-PATH5 fixed phase1 11/100 ZH-CN_U0023_S0_111 A2==sealed True masters True theta0==B0 True
P2-PATH5 fixed phase1 12/100 ZH-CN_U0023_S0_666 A2==sealed True masters True theta0==B0 True
P2-PATH5 fixed phase1 13/100 ZH-CN_U0024_S0_283 A2==sealed True masters True theta0==B0 True
P2-PATH5 fixed phase1 14/100 ZH-CN_U0023_S0_87 A2==sealed True masters True theta0==B0 True
P2-PATH5 fixed phase1 15/100 ZH-CN_U0023_S0_664 A2==sealed True masters True theta0==B0 True
P2-PATH5 fixed phase1 16/100 ZH-CN_U0027_S0_116 A2==sealed True masters True theta0==B0 True
P2-PATH5 fixed phase1 17/100 ZH-CN_U0028_S0_37 A2==sealed True masters True theta0==B0 True
P2-PATH5 fixed phase1 18/100 ZH-CN_U0027_S0_163 A2==sealed True masters True theta0==B0 True
P2-PATH5 fixed phase1 19/100 ZH-CN_U0027_S0_144 A2==sealed True masters True theta0==B0 True
P2-PATH5 fixed phase1 20/100 ZH-CN_U0028_S0_120 A2==sealed True masters True theta0==B0 True
P2-PATH5 fixed phase1 21/100 ZH-CN_U0029_S0_472 A2==sealed True masters True theta0==B0 True
P2-PATH5 fixed phase1 22/100 ZH-CN_U0029_S0_204 A2==sealed True masters True theta0==B0 True
P2-PATH5 fixed phase1 23/100 ZH-CN_U0029_S0_456 A2==sealed True masters True theta0==B0 True
P2-PATH5 fixed phase1 24/100 ZH-CN_U0030_S0_81 A2==sealed True masters True theta0==B0 True
P2-PATH5 fixed phase1 25/100 ZH-CN_U0029_S0_651 A2==sealed True masters True theta0==B0 True
P2-PATH5 fixed phase1 26/100 ZH-CN_U0039_S0_380 A2==sealed True masters True theta0==B0 True
P2-PATH5 fixed phase1 27/100 ZH-CN_U0040_S0_141 A2==sealed True masters True theta0==B0 True
P2-PATH5 fixed phase1 28/100 ZH-CN_U0040_S0_105 A2==sealed True masters True theta0==B0 True
P2-PATH5 fixed phase1 29/100 ZH-CN_U0039_S0_315 A2==sealed True masters True theta0==B0 True
P2-PATH5 fixed phase1 30/100 ZH-CN_U0039_S0_80 A2==sealed True masters True theta0==B0 True
P2-PATH5 fixed phase1 31/100 ZH-CN_U0085_S0_185 A2==sealed True masters True theta0==B0 True
P2-PATH5 fixed phase1 32/100 ZH-CN_U0086_S0_185 A2==sealed True masters True theta0==B0 True
P2-PATH5 fixed phase1 33/100 ZH-CN_U0086_S0_2 A2==sealed True masters True theta0==B0 True
P2-PATH5 fixed phase1 34/100 ZH-CN_U0086_S0_222 A2==sealed True masters True theta0==B0 True
P2-PATH5 fixed phase1 35/100 ZH-CN_U0086_S0_183 A2==sealed True masters True theta0==B0 True
P2-PATH5 fixed phase1 36/100 ZH-CN_U0091_S0_196 A2==sealed True masters True theta0==B0 True
P2-PATH5 fixed phase1 37/100 ZH-CN_U0091_S0_62 A2==sealed True masters True theta0==B0 True
P2-PATH5 fixed phase1 38/100 ZH-CN_U0091_S0_68 A2==sealed True masters True theta0==B0 True
P2-PATH5 fixed phase1 39/100 ZH-CN_U0091_S0_241 A2==sealed True masters True theta0==B0 True
P2-PATH5 fixed phase1 40/100 ZH-CN_U0092_S0_101 A2==sealed True masters True theta0==B0 True
P2-PATH5 fixed phase1 41/100 ZH-CN_U0102_S0_80 A2==sealed True masters True theta0==B0 True
P2-PATH5 fixed phase1 42/100 ZH-CN_U0101_S0_71 A2==sealed True masters True theta0==B0 True
P2-PATH5 fixed phase1 43/100 ZH-CN_U0102_S0_64 A2==sealed True masters True theta0==B0 True
P2-PATH5 fixed phase1 44/100 ZH-CN_U0101_S0_190 A2==sealed True masters True theta0==B0 True
P2-PATH5 fixed phase1 45/100 ZH-CN_U0102_S0_44 A2==sealed True masters True theta0==B0 True
P2-PATH5 fixed phase1 46/100 ZH-CN_U1001_S0_402 A2==sealed True masters True theta0==B0 True
P2-PATH5 fixed phase1 47/100 ZH-CN_U1002_S0_488 A2==sealed True masters True theta0==B0 True
P2-PATH5 fixed phase1 48/100 ZH-CN_U1001_S0_482 A2==sealed True masters True theta0==B0 True
P2-PATH5 fixed phase1 49/100 ZH-CN_U1002_S0_284 A2==sealed True masters True theta0==B0 True
P2-PATH5 fixed phase1 50/100 ZH-CN_U1001_S0_44 A2==sealed True masters True theta0==B0 True
P2-PATH5 fixed phase1 51/100 ZH-CN_U1003_S0_141 A2==sealed True masters True theta0==B0 True
P2-PATH5 fixed phase1 52/100 ZH-CN_U1004_S0_221 A2==sealed True masters True theta0==B0 True
P2-PATH5 fixed phase1 53/100 ZH-CN_U1003_S0_61 A2==sealed True masters True theta0==B0 True
P2-PATH5 fixed phase1 54/100 ZH-CN_U1003_S0_63 A2==sealed True masters True theta0==B0 True
P2-PATH5 fixed phase1 55/100 ZH-CN_U1003_S0_94 A2==sealed True masters True theta0==B0 True
P2-PATH5 fixed phase1 56/100 ZH-CN_U1022_S0_71 A2==sealed True masters True theta0==B0 True
P2-PATH5 fixed phase1 57/100 ZH-CN_U1022_S0_66 A2==sealed True masters True theta0==B0 True
P2-PATH5 fixed phase1 58/100 ZH-CN_U1021_S0_195 A2==sealed True masters True theta0==B0 True
P2-PATH5 fixed phase1 59/100 ZH-CN_U1021_S0_68 A2==sealed True masters True theta0==B0 True
P2-PATH5 fixed phase1 60/100 ZH-CN_U1021_S0_173 A2==sealed True masters True theta0==B0 True
P2-PATH5 fixed phase1 61/100 ZH-CN_U1027_S0_199 A2==sealed True masters True theta0==B0 True
P2-PATH5 fixed phase1 62/100 ZH-CN_U1028_S0_184 A2==sealed True masters True theta0==B0 True
P2-PATH5 fixed phase1 63/100 ZH-CN_U1028_S0_38 A2==sealed True masters True theta0==B0 True
P2-PATH5 fixed phase1 64/100 ZH-CN_U1028_S0_40 A2==sealed True masters True theta0==B0 True
P2-PATH5 fixed phase1 65/100 ZH-CN_U1028_S0_176 A2==sealed True masters True theta0==B0 True
P2-PATH5 fixed phase1 66/100 ZH-CN_U1034_S0_53 A2==sealed True masters True theta0==B0 True
P2-PATH5 fixed phase1 67/100 ZH-CN_U1033_S0_199 A2==sealed True masters True theta0==B0 True
P2-PATH5 fixed phase1 68/100 ZH-CN_U1033_S0_191 A2==sealed True masters True theta0==B0 True
P2-PATH5 fixed phase1 69/100 ZH-CN_U1034_S0_177 A2==sealed True masters True theta0==B0 True
P2-PATH5 fixed phase1 70/100 ZH-CN_U1034_S0_173 A2==sealed True masters True theta0==B0 True
P2-PATH5 fixed phase1 71/100 ZH-CN_U1064_S0_110 A2==sealed True masters True theta0==B0 True
P2-PATH5 fixed phase1 72/100 ZH-CN_U1064_S0_26 A2==sealed True masters True theta0==B0 True
P2-PATH5 fixed phase1 73/100 ZH-CN_U1064_S0_95 A2==sealed True masters True theta0==B0 True
P2-PATH5 fixed phase1 74/100 ZH-CN_U1064_S0_100 A2==sealed True masters True theta0==B0 True
P2-PATH5 fixed phase1 75/100 ZH-CN_U1063_S0_54 A2==sealed True masters True theta0==B0 True
P2-PATH5 fixed phase1 76/100 ZH-CN_U1076_S0_24 A2==sealed True masters True theta0==B0 True
P2-PATH5 fixed phase1 77/100 ZH-CN_U1076_S0_35 A2==sealed True masters True theta0==B0 True
P2-PATH5 fixed phase1 78/100 ZH-CN_U1076_S0_154 A2==sealed True masters True theta0==B0 True
P2-PATH5 fixed phase1 79/100 ZH-CN_U1076_S0_178 A2==sealed True masters True theta0==B0 True
P2-PATH5 fixed phase1 80/100 ZH-CN_U1076_S0_26 A2==sealed True masters True theta0==B0 True
P2-PATH5 fixed phase1 81/100 ZH-CN_U1079_S0_23 A2==sealed True masters True theta0==B0 True
P2-PATH5 fixed phase1 82/100 ZH-CN_U1080_S0_43 A2==sealed True masters True theta0==B0 True
P2-PATH5 fixed phase1 83/100 ZH-CN_U1080_S0_64 A2==sealed True masters True theta0==B0 True
P2-PATH5 fixed phase1 84/100 ZH-CN_U1079_S0_54 A2==sealed True masters True theta0==B0 True
P2-PATH5 fixed phase1 85/100 ZH-CN_U1079_S0_68 A2==sealed True masters True theta0==B0 True
P2-PATH5 fixed phase1 86/100 ZH-CN_U1081_S0_131 A2==sealed True masters True theta0==B0 True
P2-PATH5 fixed phase1 87/100 ZH-CN_U1081_S0_76 A2==sealed True masters True theta0==B0 True
P2-PATH5 fixed phase1 88/100 ZH-CN_U1082_S0_67 A2==sealed True masters True theta0==B0 True
P2-PATH5 fixed phase1 89/100 ZH-CN_U1081_S0_172 A2==sealed True masters True theta0==B0 True
P2-PATH5 fixed phase1 90/100 ZH-CN_U1081_S0_65 A2==sealed True masters True theta0==B0 True
P2-PATH5 fixed phase1 91/100 ZH-CN_U2004_S0_266 A2==sealed True masters True theta0==B0 True
P2-PATH5 fixed phase1 92/100 ZH-CN_U2004_S0_154 A2==sealed True masters True theta0==B0 True
P2-PATH5 fixed phase1 93/100 ZH-CN_U2004_S0_150 A2==sealed True masters True theta0==B0 True
P2-PATH5 fixed phase1 94/100 ZH-CN_U2004_S0_104 A2==sealed True masters True theta0==B0 True
P2-PATH5 fixed phase1 95/100 ZH-CN_U2004_S0_287 A2==sealed True masters True theta0==B0 True
P2-PATH5 fixed phase1 96/100 ZH-CN_U2012_S0_24 A2==sealed True masters True theta0==B0 True
P2-PATH5 fixed phase1 97/100 ZH-CN_U2011_S0_22 A2==sealed True masters True theta0==B0 True
P2-PATH5 fixed phase1 98/100 ZH-CN_U2011_S0_99 A2==sealed True masters True theta0==B0 True
P2-PATH5 fixed phase1 99/100 ZH-CN_U2011_S0_36 A2==sealed True masters True theta0==B0 True
P2-PATH5 fixed phase1 100/100 ZH-CN_U2011_S0_108 A2==sealed True masters True theta0==B0 True
P2-PATH5 fixed phase2 1/100 ZH-CN_U0011_S0_111 mode NO_TRIGGER exact True
P2-PATH5 fixed phase2 2/100 ZH-CN_U0011_S0_54 mode NO_TRIGGER exact True
P2-PATH5 fixed phase2 3/100 ZH-CN_U0012_S0_103 mode NO_TRIGGER exact True
P2-PATH5 fixed phase2 4/100 ZH-CN_U0011_S0_503 mode NO_TRIGGER exact True
P2-PATH5 fixed phase2 5/100 ZH-CN_U0011_S0_103 mode NO_TRIGGER exact True
P2-PATH5 fixed phase2 6/100 ZH-CN_U0022_S0_91 mode NO_TRIGGER exact True
P2-PATH5 fixed phase2 7/100 ZH-CN_U0021_S0_225 mode NO_TRIGGER exact True
P2-PATH5 fixed phase2 8/100 ZH-CN_U0022_S0_228 mode NO_TRIGGER exact True
P2-PATH5 fixed phase2 9/100 ZH-CN_U0022_S0_305 mode NO_TRIGGER exact True
P2-PATH5 fixed phase2 10/100 ZH-CN_U0021_S0_513 mode CONTENT_G1 exact True
P2-PATH5 fixed phase2 11/100 ZH-CN_U0023_S0_111 mode NO_TRIGGER exact True
P2-PATH5 fixed phase2 12/100 ZH-CN_U0023_S0_666 mode CONTENT_G1 exact True
P2-PATH5 fixed phase2 13/100 ZH-CN_U0024_S0_283 mode NO_TRIGGER exact True
P2-PATH5 fixed phase2 14/100 ZH-CN_U0023_S0_87 mode CONTENT_G1 exact True
P2-PATH5 fixed phase2 15/100 ZH-CN_U0023_S0_664 mode CONTENT_G1 exact True
P2-PATH5 fixed phase2 16/100 ZH-CN_U0027_S0_116 mode EOS_ABSTAIN exact True
P2-PATH5 fixed phase2 17/100 ZH-CN_U0028_S0_37 mode NO_TRIGGER exact True
P2-PATH5 fixed phase2 18/100 ZH-CN_U0027_S0_163 mode NO_TRIGGER exact True
P2-PATH5 fixed phase2 19/100 ZH-CN_U0027_S0_144 mode NO_TRIGGER exact True
P2-PATH5 fixed phase2 20/100 ZH-CN_U0028_S0_120 mode NO_TRIGGER exact True
P2-PATH5 fixed phase2 21/100 ZH-CN_U0029_S0_472 mode NO_TRIGGER exact True
P2-PATH5 fixed phase2 22/100 ZH-CN_U0029_S0_204 mode NO_TRIGGER exact True
P2-PATH5 fixed phase2 23/100 ZH-CN_U0029_S0_456 mode NO_TRIGGER exact True
P2-PATH5 fixed phase2 24/100 ZH-CN_U0030_S0_81 mode NO_TRIGGER exact True
P2-PATH5 fixed phase2 25/100 ZH-CN_U0029_S0_651 mode NO_TRIGGER exact True
P2-PATH5 fixed phase2 26/100 ZH-CN_U0039_S0_380 mode CONTENT_G1 exact True
P2-PATH5 fixed phase2 27/100 ZH-CN_U0040_S0_141 mode NO_TRIGGER exact True
P2-PATH5 fixed phase2 28/100 ZH-CN_U0040_S0_105 mode NO_TRIGGER exact True
P2-PATH5 fixed phase2 29/100 ZH-CN_U0039_S0_315 mode NO_TRIGGER exact True
P2-PATH5 fixed phase2 30/100 ZH-CN_U0039_S0_80 mode NO_TRIGGER exact True
P2-PATH5 fixed phase2 31/100 ZH-CN_U0085_S0_185 mode NO_TRIGGER exact True
P2-PATH5 fixed phase2 32/100 ZH-CN_U0086_S0_185 mode NO_TRIGGER exact True
P2-PATH5 fixed phase2 33/100 ZH-CN_U0086_S0_2 mode NO_TRIGGER exact True
P2-PATH5 fixed phase2 34/100 ZH-CN_U0086_S0_222 mode EOS_ABSTAIN exact True
P2-PATH5 fixed phase2 35/100 ZH-CN_U0086_S0_183 mode NO_TRIGGER exact True
P2-PATH5 fixed phase2 36/100 ZH-CN_U0091_S0_196 mode EOS_ABSTAIN exact True
P2-PATH5 fixed phase2 37/100 ZH-CN_U0091_S0_62 mode NO_TRIGGER exact True
P2-PATH5 fixed phase2 38/100 ZH-CN_U0091_S0_68 mode CONTENT_G1 exact True
P2-PATH5 fixed phase2 39/100 ZH-CN_U0091_S0_241 mode NO_TRIGGER exact True
P2-PATH5 fixed phase2 40/100 ZH-CN_U0092_S0_101 mode CONTENT_G1 exact True
P2-PATH5 fixed phase2 41/100 ZH-CN_U0102_S0_80 mode NO_TRIGGER exact True
P2-PATH5 fixed phase2 42/100 ZH-CN_U0101_S0_71 mode NO_TRIGGER exact True
P2-PATH5 fixed phase2 43/100 ZH-CN_U0102_S0_64 mode NO_TRIGGER exact True
P2-PATH5 fixed phase2 44/100 ZH-CN_U0101_S0_190 mode CONTENT_G1 exact True
P2-PATH5 fixed phase2 45/100 ZH-CN_U0102_S0_44 mode NO_TRIGGER exact True
P2-PATH5 fixed phase2 46/100 ZH-CN_U1001_S0_402 mode NO_TRIGGER exact True
P2-PATH5 fixed phase2 47/100 ZH-CN_U1002_S0_488 mode NO_TRIGGER exact True
P2-PATH5 fixed phase2 48/100 ZH-CN_U1001_S0_482 mode NO_TRIGGER exact True
P2-PATH5 fixed phase2 49/100 ZH-CN_U1002_S0_284 mode NO_TRIGGER exact True
P2-PATH5 fixed phase2 50/100 ZH-CN_U1001_S0_44 mode NO_TRIGGER exact True
P2-PATH5 fixed phase2 51/100 ZH-CN_U1003_S0_141 mode NO_TRIGGER exact True
P2-PATH5 fixed phase2 52/100 ZH-CN_U1004_S0_221 mode EOS_ABSTAIN exact True
P2-PATH5 fixed phase2 53/100 ZH-CN_U1003_S0_61 mode NO_TRIGGER exact True
P2-PATH5 fixed phase2 54/100 ZH-CN_U1003_S0_63 mode CONTENT_G1 exact True
P2-PATH5 fixed phase2 55/100 ZH-CN_U1003_S0_94 mode NO_TRIGGER exact True
P2-PATH5 fixed phase2 56/100 ZH-CN_U1022_S0_71 mode NO_TRIGGER exact True
P2-PATH5 fixed phase2 57/100 ZH-CN_U1022_S0_66 mode NO_TRIGGER exact True
P2-PATH5 fixed phase2 58/100 ZH-CN_U1021_S0_195 mode NO_TRIGGER exact True
P2-PATH5 fixed phase2 59/100 ZH-CN_U1021_S0_68 mode NO_TRIGGER exact True
P2-PATH5 fixed phase2 60/100 ZH-CN_U1021_S0_173 mode NO_TRIGGER exact True
P2-PATH5 fixed phase2 61/100 ZH-CN_U1027_S0_199 mode NO_TRIGGER exact True
P2-PATH5 fixed phase2 62/100 ZH-CN_U1028_S0_184 mode NO_TRIGGER exact True
P2-PATH5 fixed phase2 63/100 ZH-CN_U1028_S0_38 mode NO_TRIGGER exact True
P2-PATH5 fixed phase2 64/100 ZH-CN_U1028_S0_40 mode NO_TRIGGER exact True
P2-PATH5 fixed phase2 65/100 ZH-CN_U1028_S0_176 mode NO_TRIGGER exact True
P2-PATH5 fixed phase2 66/100 ZH-CN_U1034_S0_53 mode NO_TRIGGER exact True
P2-PATH5 fixed phase2 67/100 ZH-CN_U1033_S0_199 mode NO_TRIGGER exact True
P2-PATH5 fixed phase2 68/100 ZH-CN_U1033_S0_191 mode NO_TRIGGER exact True
P2-PATH5 fixed phase2 69/100 ZH-CN_U1034_S0_177 mode NO_TRIGGER exact True
P2-PATH5 fixed phase2 70/100 ZH-CN_U1034_S0_173 mode NO_TRIGGER exact True
P2-PATH5 fixed phase2 71/100 ZH-CN_U1064_S0_110 mode NO_TRIGGER exact True
P2-PATH5 fixed phase2 72/100 ZH-CN_U1064_S0_26 mode CONTENT_G1 exact True
P2-PATH5 fixed phase2 73/100 ZH-CN_U1064_S0_95 mode NO_TRIGGER exact True
P2-PATH5 fixed phase2 74/100 ZH-CN_U1064_S0_100 mode NO_TRIGGER exact True
P2-PATH5 fixed phase2 75/100 ZH-CN_U1063_S0_54 mode NO_TRIGGER exact True
P2-PATH5 fixed phase2 76/100 ZH-CN_U1076_S0_24 mode NO_TRIGGER exact True
P2-PATH5 fixed phase2 77/100 ZH-CN_U1076_S0_35 mode NO_TRIGGER exact True
P2-PATH5 fixed phase2 78/100 ZH-CN_U1076_S0_154 mode NO_TRIGGER exact True
P2-PATH5 fixed phase2 79/100 ZH-CN_U1076_S0_178 mode NO_TRIGGER exact True
P2-PATH5 fixed phase2 80/100 ZH-CN_U1076_S0_26 mode NO_TRIGGER exact True
P2-PATH5 fixed phase2 81/100 ZH-CN_U1079_S0_23 mode NO_TRIGGER exact True
P2-PATH5 fixed phase2 82/100 ZH-CN_U1080_S0_43 mode NO_TRIGGER exact True
P2-PATH5 fixed phase2 83/100 ZH-CN_U1080_S0_64 mode NO_TRIGGER exact True
P2-PATH5 fixed phase2 84/100 ZH-CN_U1079_S0_54 mode NO_TRIGGER exact True
P2-PATH5 fixed phase2 85/100 ZH-CN_U1079_S0_68 mode NO_TRIGGER exact True
P2-PATH5 fixed phase2 86/100 ZH-CN_U1081_S0_131 mode NO_TRIGGER exact True
P2-PATH5 fixed phase2 87/100 ZH-CN_U1081_S0_76 mode NO_TRIGGER exact True
P2-PATH5 fixed phase2 88/100 ZH-CN_U1082_S0_67 mode NO_TRIGGER exact True
P2-PATH5 fixed phase2 89/100 ZH-CN_U1081_S0_172 mode NO_TRIGGER exact True
P2-PATH5 fixed phase2 90/100 ZH-CN_U1081_S0_65 mode NO_TRIGGER exact True
P2-PATH5 fixed phase2 91/100 ZH-CN_U2004_S0_266 mode NO_TRIGGER exact True
P2-PATH5 fixed phase2 92/100 ZH-CN_U2004_S0_154 mode NO_TRIGGER exact True
P2-PATH5 fixed phase2 93/100 ZH-CN_U2004_S0_150 mode NO_TRIGGER exact True
P2-PATH5 fixed phase2 94/100 ZH-CN_U2004_S0_104 mode NO_TRIGGER exact True
P2-PATH5 fixed phase2 95/100 ZH-CN_U2004_S0_287 mode NO_TRIGGER exact True
P2-PATH5 fixed phase2 96/100 ZH-CN_U2012_S0_24 mode NO_TRIGGER exact True
P2-PATH5 fixed phase2 97/100 ZH-CN_U2011_S0_22 mode NO_TRIGGER exact True
P2-PATH5 fixed phase2 98/100 ZH-CN_U2011_S0_99 mode NO_TRIGGER exact True
P2-PATH5 fixed phase2 99/100 ZH-CN_U2011_S0_36 mode NO_TRIGGER exact True
P2-PATH5 fixed phase2 100/100 ZH-CN_U2011_S0_108 mode NO_TRIGGER exact True
P2-PATH5 NEW 1/200 ZH-CN_U0011_S0_166 mode NO_TRIGGER
P2-PATH5 NEW 2/200 ZH-CN_U0011_S0_249 mode NO_TRIGGER
P2-PATH5 NEW 3/200 ZH-CN_U0011_S0_265 mode CONTENT_G1 k 3 winner theta0 changed True
P2-PATH5 NEW 4/200 ZH-CN_U0011_S0_758 mode NO_TRIGGER
P2-PATH5 NEW 5/200 ZH-CN_U0011_S0_766 mode NO_TRIGGER
P2-PATH5 NEW 6/200 ZH-CN_U0011_S0_780 mode NO_TRIGGER
P2-PATH5 NEW 7/200 ZH-CN_U0011_S0_91 mode NO_TRIGGER
P2-PATH5 NEW 8/200 ZH-CN_U0012_S0_366 mode NO_TRIGGER
P2-PATH5 NEW 9/200 ZH-CN_U0012_S0_598 mode NO_TRIGGER
P2-PATH5 NEW 10/200 ZH-CN_U0012_S0_600 mode NO_TRIGGER
P2-PATH5 NEW 11/200 ZH-CN_U0021_S0_118 mode CONTENT_G1 k 1 winner theta0 changed True
P2-PATH5 NEW 12/200 ZH-CN_U0021_S0_285 mode NO_TRIGGER
P2-PATH5 NEW 13/200 ZH-CN_U0021_S0_324 mode NO_TRIGGER
P2-PATH5 NEW 14/200 ZH-CN_U0022_S0_135 mode NO_TRIGGER
P2-PATH5 NEW 15/200 ZH-CN_U0022_S0_170 mode NO_TRIGGER
P2-PATH5 NEW 16/200 ZH-CN_U0022_S0_231 mode NO_TRIGGER
P2-PATH5 NEW 17/200 ZH-CN_U0022_S0_302 mode NO_TRIGGER
P2-PATH5 NEW 18/200 ZH-CN_U0022_S0_359 mode NO_TRIGGER
P2-PATH5 NEW 19/200 ZH-CN_U0022_S0_379 mode NO_TRIGGER
P2-PATH5 NEW 20/200 ZH-CN_U0022_S0_77 mode NO_TRIGGER
P2-PATH5 NEW 21/200 ZH-CN_U0023_S0_102 mode CONTENT_G1 k 6 winner A4 changed False
P2-PATH5 NEW 22/200 ZH-CN_U0023_S0_106 mode NO_TRIGGER
P2-PATH5 NEW 23/200 ZH-CN_U0023_S0_246 mode NO_TRIGGER
P2-PATH5 NEW 24/200 ZH-CN_U0023_S0_253 mode CONTENT_G1 k 13 winner A4 changed False
P2-PATH5 NEW 25/200 ZH-CN_U0023_S0_469 mode CONTENT_G1 k 8 winner A4 changed False
P2-PATH5 NEW 26/200 ZH-CN_U0023_S0_560 mode CONTENT_G1 k 16 winner A4 changed False
P2-PATH5 NEW 27/200 ZH-CN_U0023_S0_671 mode NO_TRIGGER
P2-PATH5 NEW 28/200 ZH-CN_U0023_S0_80 mode NO_TRIGGER
P2-PATH5 NEW 29/200 ZH-CN_U0023_S0_91 mode CONTENT_G1 k 10 winner theta0 changed True
P2-PATH5 NEW 30/200 ZH-CN_U0024_S0_97 mode NO_TRIGGER
P2-PATH5 NEW 31/200 ZH-CN_U0027_S0_114 mode NO_TRIGGER
P2-PATH5 NEW 32/200 ZH-CN_U0027_S0_157 mode EOS_ABSTAIN
P2-PATH5 NEW 33/200 ZH-CN_U0027_S0_4 mode NO_TRIGGER
P2-PATH5 NEW 34/200 ZH-CN_U0027_S0_98 mode NO_TRIGGER
P2-PATH5 NEW 35/200 ZH-CN_U0028_S0_103 mode NO_TRIGGER
P2-PATH5 NEW 36/200 ZH-CN_U0028_S0_112 mode NO_TRIGGER
P2-PATH5 NEW 37/200 ZH-CN_U0028_S0_155 mode NO_TRIGGER
P2-PATH5 NEW 38/200 ZH-CN_U0028_S0_158 mode NO_TRIGGER
P2-PATH5 NEW 39/200 ZH-CN_U0028_S0_194 mode NO_TRIGGER
P2-PATH5 NEW 40/200 ZH-CN_U0028_S0_237 mode NO_TRIGGER
P2-PATH5 NEW 41/200 ZH-CN_U0029_S0_1085 mode CONTENT_G1 k 1 winner A4 changed False
P2-PATH5 NEW 42/200 ZH-CN_U0029_S0_1093 mode CONTENT_G1 k 1 winner A4 changed False
P2-PATH5 NEW 43/200 ZH-CN_U0029_S0_294 mode NO_TRIGGER
P2-PATH5 NEW 44/200 ZH-CN_U0029_S0_300 mode NO_TRIGGER
P2-PATH5 NEW 45/200 ZH-CN_U0029_S0_340 mode CONTENT_G1 k 26 winner A4 changed False
P2-PATH5 NEW 46/200 ZH-CN_U0029_S0_95 mode NO_TRIGGER
P2-PATH5 NEW 47/200 ZH-CN_U0030_S0_262 mode NO_TRIGGER
P2-PATH5 NEW 48/200 ZH-CN_U0030_S0_288 mode NO_TRIGGER
P2-PATH5 NEW 49/200 ZH-CN_U0030_S0_365 mode NO_TRIGGER
P2-PATH5 NEW 50/200 ZH-CN_U0030_S0_61 mode EOS_ABSTAIN
P2-PATH5 NEW 51/200 ZH-CN_U0039_S0_150 mode NO_TRIGGER
P2-PATH5 NEW 52/200 ZH-CN_U0039_S0_42 mode NO_TRIGGER
P2-PATH5 NEW 53/200 ZH-CN_U0039_S0_81 mode NO_TRIGGER
P2-PATH5 NEW 54/200 ZH-CN_U0040_S0_149 mode EOS_ABSTAIN
P2-PATH5 NEW 55/200 ZH-CN_U0040_S0_287 mode NO_TRIGGER
P2-PATH5 NEW 56/200 ZH-CN_U0040_S0_298 mode NO_TRIGGER
P2-PATH5 NEW 57/200 ZH-CN_U0040_S0_310 mode NO_TRIGGER
P2-PATH5 NEW 58/200 ZH-CN_U0040_S0_407 mode NO_TRIGGER
P2-PATH5 NEW 59/200 ZH-CN_U0040_S0_454 mode CONTENT_G1 k 1 winner A4 changed False
P2-PATH5 NEW 60/200 ZH-CN_U0040_S0_914 mode NO_TRIGGER
P2-PATH5 NEW 61/200 ZH-CN_U0085_S0_1 mode NO_TRIGGER
P2-PATH5 NEW 62/200 ZH-CN_U0085_S0_108 mode CONTENT_G1 k 14 winner theta0 changed True
P2-PATH5 NEW 63/200 ZH-CN_U0085_S0_167 mode NO_TRIGGER
P2-PATH5 NEW 64/200 ZH-CN_U0085_S0_175 mode NO_TRIGGER
P2-PATH5 NEW 65/200 ZH-CN_U0085_S0_85 mode NO_TRIGGER
P2-PATH5 NEW 66/200 ZH-CN_U0085_S0_99 mode CONTENT_G1 k 35 winner theta0 changed True
P2-PATH5 NEW 67/200 ZH-CN_U0086_S0_201 mode NO_TRIGGER
P2-PATH5 NEW 68/200 ZH-CN_U0086_S0_75 mode NO_TRIGGER
P2-PATH5 NEW 69/200 ZH-CN_U0086_S0_76 mode NO_TRIGGER
P2-PATH5 NEW 70/200 ZH-CN_U0086_S0_97 mode NO_TRIGGER
P2-PATH5 NEW 71/200 ZH-CN_U0091_S0_104 mode CONTENT_G1 k 51 winner A4 changed False
P2-PATH5 NEW 72/200 ZH-CN_U0091_S0_209 mode NO_TRIGGER
P2-PATH5 NEW 73/200 ZH-CN_U0091_S0_220 mode NO_TRIGGER
P2-PATH5 NEW 74/200 ZH-CN_U0091_S0_228 mode NO_TRIGGER
P2-PATH5 NEW 75/200 ZH-CN_U0091_S0_72 mode CONTENT_G1 k 9 winner A4 changed False
P2-PATH5 NEW 76/200 ZH-CN_U0091_S0_89 mode NO_TRIGGER
P2-PATH5 NEW 77/200 ZH-CN_U0092_S0_170 mode NO_TRIGGER
P2-PATH5 NEW 78/200 ZH-CN_U0092_S0_179 mode NO_TRIGGER
P2-PATH5 NEW 79/200 ZH-CN_U0092_S0_57 mode NO_TRIGGER
P2-PATH5 NEW 80/200 ZH-CN_U0092_S0_85 mode CONTENT_G1 k 9 winner A4 changed False
P2-PATH5 NEW 81/200 ZH-CN_U0101_S0_106 mode NO_TRIGGER
P2-PATH5 NEW 82/200 ZH-CN_U0101_S0_187 mode NO_TRIGGER
P2-PATH5 NEW 83/200 ZH-CN_U0101_S0_191 mode NO_TRIGGER
P2-PATH5 NEW 84/200 ZH-CN_U0101_S0_192 mode NO_TRIGGER
P2-PATH5 NEW 85/200 ZH-CN_U0101_S0_203 mode NO_TRIGGER
P2-PATH5 NEW 86/200 ZH-CN_U0101_S0_205 mode NO_TRIGGER
P2-PATH5 NEW 87/200 ZH-CN_U0101_S0_65 mode NO_TRIGGER
P2-PATH5 NEW 88/200 ZH-CN_U0101_S0_85 mode NO_TRIGGER
P2-PATH5 NEW 89/200 ZH-CN_U0102_S0_52 mode NO_TRIGGER
P2-PATH5 NEW 90/200 ZH-CN_U0102_S0_76 mode NO_TRIGGER
P2-PATH5 NEW 91/200 ZH-CN_U1001_S0_164 mode NO_TRIGGER
P2-PATH5 NEW 92/200 ZH-CN_U1001_S0_168 mode NO_TRIGGER
P2-PATH5 NEW 93/200 ZH-CN_U1001_S0_270 mode NO_TRIGGER
P2-PATH5 NEW 94/200 ZH-CN_U1001_S0_344 mode NO_TRIGGER
P2-PATH5 NEW 95/200 ZH-CN_U1001_S0_388 mode EOS_ABSTAIN
P2-PATH5 NEW 96/200 ZH-CN_U1001_S0_406 mode NO_TRIGGER
P2-PATH5 NEW 97/200 ZH-CN_U1001_S0_476 mode NO_TRIGGER
P2-PATH5 NEW 98/200 ZH-CN_U1001_S0_53 mode NO_TRIGGER
P2-PATH5 NEW 99/200 ZH-CN_U1002_S0_288 mode NO_TRIGGER
P2-PATH5 NEW 100/200 ZH-CN_U1002_S0_337 mode NO_TRIGGER
P2-PATH5 NEW 101/200 ZH-CN_U1003_S0_119 mode EOS_ABSTAIN
P2-PATH5 NEW 102/200 ZH-CN_U1003_S0_135 mode NO_TRIGGER
P2-PATH5 NEW 103/200 ZH-CN_U1003_S0_19 mode NO_TRIGGER
P2-PATH5 NEW 104/200 ZH-CN_U1003_S0_201 mode NO_TRIGGER
P2-PATH5 NEW 105/200 ZH-CN_U1003_S0_22 mode NO_TRIGGER
P2-PATH5 NEW 106/200 ZH-CN_U1003_S0_56 mode NO_TRIGGER
P2-PATH5 NEW 107/200 ZH-CN_U1004_S0_224 mode NO_TRIGGER
P2-PATH5 NEW 108/200 ZH-CN_U1004_S0_267 mode NO_TRIGGER
P2-PATH5 NEW 109/200 ZH-CN_U1004_S0_28 mode NO_TRIGGER
P2-PATH5 NEW 110/200 ZH-CN_U1004_S0_310 mode NO_TRIGGER
P2-PATH5 NEW 111/200 ZH-CN_U1021_S0_197 mode NO_TRIGGER
P2-PATH5 NEW 112/200 ZH-CN_U1021_S0_205 mode NO_TRIGGER
P2-PATH5 NEW 113/200 ZH-CN_U1021_S0_52 mode NO_TRIGGER
P2-PATH5 NEW 114/200 ZH-CN_U1021_S0_61 mode NO_TRIGGER
P2-PATH5 NEW 115/200 ZH-CN_U1021_S0_67 mode NO_TRIGGER
P2-PATH5 NEW 116/200 ZH-CN_U1022_S0_155 mode NO_TRIGGER
P2-PATH5 NEW 117/200 ZH-CN_U1022_S0_157 mode NO_TRIGGER
P2-PATH5 NEW 118/200 ZH-CN_U1022_S0_159 mode NO_TRIGGER
P2-PATH5 NEW 119/200 ZH-CN_U1022_S0_181 mode NO_TRIGGER
P2-PATH5 NEW 120/200 ZH-CN_U1022_S0_187 mode NO_TRIGGER
P2-PATH5 NEW 121/200 ZH-CN_U1027_S0_207 mode NO_TRIGGER
P2-PATH5 NEW 122/200 ZH-CN_U1027_S0_250 mode NO_TRIGGER
P2-PATH5 NEW 123/200 ZH-CN_U1027_S0_3 mode CONTENT_G1 k 0 winner A4 changed False
P2-PATH5 NEW 124/200 ZH-CN_U1027_S0_33 mode NO_TRIGGER
P2-PATH5 NEW 125/200 ZH-CN_U1027_S0_39 mode NO_TRIGGER
P2-PATH5 NEW 126/200 ZH-CN_U1027_S0_57 mode NO_TRIGGER
P2-PATH5 NEW 127/200 ZH-CN_U1028_S0_1 mode CONTENT_G1 k 6 winner A4 changed False
P2-PATH5 NEW 128/200 ZH-CN_U1028_S0_174 mode NO_TRIGGER
P2-PATH5 NEW 129/200 ZH-CN_U1028_S0_22 mode NO_TRIGGER
P2-PATH5 NEW 130/200 ZH-CN_U1028_S0_48 mode NO_TRIGGER
P2-PATH5 NEW 131/200 ZH-CN_U1033_S0_159 mode NO_TRIGGER
P2-PATH5 NEW 132/200 ZH-CN_U1033_S0_205 mode NO_TRIGGER
P2-PATH5 NEW 133/200 ZH-CN_U1033_S0_212 mode NO_TRIGGER
P2-PATH5 NEW 134/200 ZH-CN_U1033_S0_61 mode NO_TRIGGER
P2-PATH5 NEW 135/200 ZH-CN_U1034_S0_187 mode NO_TRIGGER
P2-PATH5 NEW 136/200 ZH-CN_U1034_S0_191 mode NO_TRIGGER
P2-PATH5 NEW 137/200 ZH-CN_U1034_S0_49 mode NO_TRIGGER
P2-PATH5 NEW 138/200 ZH-CN_U1034_S0_57 mode NO_TRIGGER
P2-PATH5 NEW 139/200 ZH-CN_U1034_S0_70 mode NO_TRIGGER
P2-PATH5 NEW 140/200 ZH-CN_U1034_S0_77 mode EOS_ABSTAIN
P2-PATH5 NEW 141/200 ZH-CN_U1063_S0_15 mode NO_TRIGGER
P2-PATH5 NEW 142/200 ZH-CN_U1063_S0_17 mode NO_TRIGGER
P2-PATH5 NEW 143/200 ZH-CN_U1063_S0_23 mode CONTENT_G1 k 12 winner A4 changed False
P2-PATH5 NEW 144/200 ZH-CN_U1063_S0_26 mode NO_TRIGGER
P2-PATH5 NEW 145/200 ZH-CN_U1063_S0_56 mode CONTENT_G1 k 3 winner theta0 changed True
P2-PATH5 NEW 146/200 ZH-CN_U1063_S0_58 mode NO_TRIGGER
P2-PATH5 NEW 147/200 ZH-CN_U1064_S0_102 mode NO_TRIGGER
P2-PATH5 NEW 148/200 ZH-CN_U1064_S0_34 mode NO_TRIGGER
P2-PATH5 NEW 149/200 ZH-CN_U1064_S0_35 mode NO_TRIGGER
P2-PATH5 NEW 150/200 ZH-CN_U1064_S0_47 mode NO_TRIGGER
P2-PATH5 NEW 151/200 ZH-CN_U1075_S0_175 mode NO_TRIGGER
P2-PATH5 NEW 152/200 ZH-CN_U1075_S0_49 mode NO_TRIGGER
P2-PATH5 NEW 153/200 ZH-CN_U1075_S0_88 mode NO_TRIGGER
P2-PATH5 NEW 154/200 ZH-CN_U1076_S0_140 mode NO_TRIGGER
P2-PATH5 NEW 155/200 ZH-CN_U1076_S0_156 mode NO_TRIGGER
P2-PATH5 NEW 156/200 ZH-CN_U1076_S0_159 mode NO_TRIGGER
P2-PATH5 NEW 157/200 ZH-CN_U1076_S0_180 mode NO_TRIGGER
P2-PATH5 NEW 158/200 ZH-CN_U1076_S0_25 mode NO_TRIGGER
P2-PATH5 NEW 159/200 ZH-CN_U1076_S0_34 mode NO_TRIGGER
P2-PATH5 NEW 160/200 ZH-CN_U1076_S0_51 mode NO_TRIGGER
P2-PATH5 NEW 161/200 ZH-CN_U1079_S0_175 mode NO_TRIGGER
P2-PATH5 NEW 162/200 ZH-CN_U1079_S0_58 mode NO_TRIGGER
P2-PATH5 NEW 163/200 ZH-CN_U1079_S0_70 mode NO_TRIGGER
P2-PATH5 NEW 164/200 ZH-CN_U1080_S0_1 mode CONTENT_G1 k 7 winner A4 changed False
P2-PATH5 NEW 165/200 ZH-CN_U1080_S0_163 mode NO_TRIGGER
P2-PATH5 NEW 166/200 ZH-CN_U1080_S0_181 mode NO_TRIGGER
P2-PATH5 NEW 167/200 ZH-CN_U1080_S0_193 mode NO_TRIGGER
P2-PATH5 NEW 168/200 ZH-CN_U1080_S0_57 mode NO_TRIGGER
P2-PATH5 NEW 169/200 ZH-CN_U1080_S0_88 mode NO_TRIGGER
P2-PATH5 NEW 170/200 ZH-CN_U1080_S0_90 mode NO_TRIGGER
P2-PATH5 NEW 171/200 ZH-CN_U1081_S0_184 mode NO_TRIGGER
P2-PATH5 NEW 172/200 ZH-CN_U1081_S0_190 mode NO_TRIGGER
P2-PATH5 NEW 173/200 ZH-CN_U1081_S0_192 mode NO_TRIGGER
P2-PATH5 NEW 174/200 ZH-CN_U1081_S0_84 mode NO_TRIGGER
P2-PATH5 NEW 175/200 ZH-CN_U1082_S0_132 mode NO_TRIGGER
P2-PATH5 NEW 176/200 ZH-CN_U1082_S0_134 mode NO_TRIGGER
P2-PATH5 NEW 177/200 ZH-CN_U1082_S0_144 mode NO_TRIGGER
P2-PATH5 NEW 178/200 ZH-CN_U1082_S0_36 mode NO_TRIGGER
P2-PATH5 NEW 179/200 ZH-CN_U1082_S0_60 mode NO_TRIGGER
P2-PATH5 NEW 180/200 ZH-CN_U1082_S0_63 mode EOS_ABSTAIN
P2-PATH5 NEW 181/200 ZH-CN_U2003_S0_128 mode NO_TRIGGER
P2-PATH5 NEW 182/200 ZH-CN_U2003_S0_132 mode NO_TRIGGER
P2-PATH5 NEW 183/200 ZH-CN_U2003_S0_150 mode EOS_ABSTAIN
P2-PATH5 NEW 184/200 ZH-CN_U2003_S0_280 mode NO_TRIGGER
P2-PATH5 NEW 185/200 ZH-CN_U2004_S0_118 mode CONTENT_G1 k 17 winner theta0 changed True
P2-PATH5 NEW 186/200 ZH-CN_U2004_S0_122 mode NO_TRIGGER
P2-PATH5 NEW 187/200 ZH-CN_U2004_S0_138 mode NO_TRIGGER
P2-PATH5 NEW 188/200 ZH-CN_U2004_S0_144 mode NO_TRIGGER
P2-PATH5 NEW 189/200 ZH-CN_U2004_S0_272 mode NO_TRIGGER
P2-PATH5 NEW 190/200 ZH-CN_U2004_S0_281 mode NO_TRIGGER
P2-PATH5 NEW 191/200 ZH-CN_U2011_S0_28 mode NO_TRIGGER
P2-PATH5 NEW 192/200 ZH-CN_U2011_S0_32 mode NO_TRIGGER
P2-PATH5 NEW 193/200 ZH-CN_U2011_S0_65 mode NO_TRIGGER
P2-PATH5 NEW 194/200 ZH-CN_U2011_S0_89 mode NO_TRIGGER
P2-PATH5 NEW 195/200 ZH-CN_U2011_S0_93 mode NO_TRIGGER
P2-PATH5 NEW 196/200 ZH-CN_U2012_S0_100 mode NO_TRIGGER
P2-PATH5 NEW 197/200 ZH-CN_U2012_S0_104 mode NO_TRIGGER
P2-PATH5 NEW 198/200 ZH-CN_U2012_S0_108 mode NO_TRIGGER
P2-PATH5 NEW 199/200 ZH-CN_U2012_S0_31 mode NO_TRIGGER
P2-PATH5 NEW 200/200 ZH-CN_U2012_S0_42 mode NO_TRIGGER
