MECH0 phase1 1/300 ZH-CN_U0011_S0_103 B0 True A2 True hash True arch True
MECH0 phase1 2/300 ZH-CN_U0011_S0_111 B0 True A2 True hash True arch True
MECH0 phase1 3/300 ZH-CN_U0011_S0_166 B0 True A2 True hash True arch None
MECH0 phase1 4/300 ZH-CN_U0011_S0_249 B0 True A2 True hash True arch None
MECH0 phase1 5/300 ZH-CN_U0011_S0_265 B0 True A2 True hash True arch None
MECH0 phase1 6/300 ZH-CN_U0011_S0_503 B0 True A2 True hash True arch True
MECH0 phase1 7/300 ZH-CN_U0011_S0_54 B0 True A2 True hash True arch True
MECH0 phase1 8/300 ZH-CN_U0011_S0_758 B0 True A2 True hash True arch None
MECH0 phase1 9/300 ZH-CN_U0011_S0_766 B0 True A2 True hash True arch None
MECH0 phase1 10/300 ZH-CN_U0011_S0_780 B0 True A2 True hash True arch None
MECH0 phase1 11/300 ZH-CN_U0011_S0_91 B0 True A2 True hash True arch None
MECH0 phase1 12/300 ZH-CN_U0012_S0_103 B0 True A2 True hash True arch True
MECH0 phase1 13/300 ZH-CN_U0012_S0_366 B0 True A2 True hash True arch None
MECH0 phase1 14/300 ZH-CN_U0012_S0_598 B0 True A2 True hash True arch None
MECH0 phase1 15/300 ZH-CN_U0012_S0_600 B0 True A2 True hash True arch None
MECH0 phase1 16/300 ZH-CN_U0021_S0_118 B0 True A2 True hash True arch None
MECH0 phase1 17/300 ZH-CN_U0021_S0_225 B0 True A2 True hash True arch True
MECH0 phase1 18/300 ZH-CN_U0021_S0_285 B0 True A2 True hash True arch None
MECH0 phase1 19/300 ZH-CN_U0021_S0_324 B0 True A2 True hash True arch None
MECH0 phase1 20/300 ZH-CN_U0021_S0_513 B0 True A2 True hash True arch True
MECH0 phase1 21/300 ZH-CN_U0022_S0_135 B0 True A2 True hash True arch None
MECH0 phase1 22/300 ZH-CN_U0022_S0_170 B0 True A2 True hash True arch None
MECH0 phase1 23/300 ZH-CN_U0022_S0_228 B0 True A2 True hash True arch True
MECH0 phase1 24/300 ZH-CN_U0022_S0_231 B0 True A2 True hash True arch None
MECH0 phase1 25/300 ZH-CN_U0022_S0_302 B0 True A2 True hash True arch None
MECH0 phase1 26/300 ZH-CN_U0022_S0_305 B0 True A2 True hash True arch True
MECH0 phase1 27/300 ZH-CN_U0022_S0_359 B0 True A2 True hash True arch None
MECH0 phase1 28/300 ZH-CN_U0022_S0_379 B0 True A2 True hash True arch None
MECH0 phase1 29/300 ZH-CN_U0022_S0_77 B0 True A2 True hash True arch None
MECH0 phase1 30/300 ZH-CN_U0022_S0_91 B0 True A2 True hash True arch True
MECH0 phase1 31/300 ZH-CN_U0023_S0_102 B0 True A2 True hash True arch None
MECH0 phase1 32/300 ZH-CN_U0023_S0_106 B0 True A2 True hash True arch None
MECH0 phase1 33/300 ZH-CN_U0023_S0_111 B0 True A2 True hash True arch True
MECH0 phase1 34/300 ZH-CN_U0023_S0_246 B0 True A2 True hash True arch None
MECH0 phase1 35/300 ZH-CN_U0023_S0_253 B0 True A2 True hash True arch None
MECH0 phase1 36/300 ZH-CN_U0023_S0_469 B0 True A2 True hash True arch None
MECH0 phase1 37/300 ZH-CN_U0023_S0_560 B0 True A2 True hash True arch None
MECH0 phase1 38/300 ZH-CN_U0023_S0_664 B0 True A2 True hash True arch True
MECH0 phase1 39/300 ZH-CN_U0023_S0_666 B0 True A2 True hash True arch True
MECH0 phase1 40/300 ZH-CN_U0023_S0_671 B0 True A2 True hash True arch None
MECH0 phase1 41/300 ZH-CN_U0023_S0_80 B0 True A2 True hash True arch None
MECH0 phase1 42/300 ZH-CN_U0023_S0_87 B0 True A2 True hash True arch True
MECH0 phase1 43/300 ZH-CN_U0023_S0_91 B0 True A2 True hash True arch None
MECH0 phase1 44/300 ZH-CN_U0024_S0_283 B0 True A2 True hash True arch True
MECH0 phase1 45/300 ZH-CN_U0024_S0_97 B0 True A2 True hash True arch None
MECH0 phase1 46/300 ZH-CN_U0027_S0_114 B0 True A2 True hash True arch None
MECH0 phase1 47/300 ZH-CN_U0027_S0_116 B0 True A2 True hash True arch True
MECH0 phase1 48/300 ZH-CN_U0027_S0_144 B0 True A2 True hash True arch True
MECH0 phase1 49/300 ZH-CN_U0027_S0_157 B0 True A2 True hash True arch None
MECH0 phase1 50/300 ZH-CN_U0027_S0_163 B0 True A2 True hash True arch True
MECH0 phase1 51/300 ZH-CN_U0027_S0_4 B0 True A2 True hash True arch None
MECH0 phase1 52/300 ZH-CN_U0027_S0_98 B0 True A2 True hash True arch None
MECH0 phase1 53/300 ZH-CN_U0028_S0_103 B0 True A2 True hash True arch None
MECH0 phase1 54/300 ZH-CN_U0028_S0_112 B0 True A2 True hash True arch None
MECH0 phase1 55/300 ZH-CN_U0028_S0_120 B0 True A2 True hash True arch True
MECH0 phase1 56/300 ZH-CN_U0028_S0_155 B0 True A2 True hash True arch None
MECH0 phase1 57/300 ZH-CN_U0028_S0_158 B0 True A2 True hash True arch None
MECH0 phase1 58/300 ZH-CN_U0028_S0_194 B0 True A2 True hash True arch None
MECH0 phase1 59/300 ZH-CN_U0028_S0_237 B0 True A2 True hash True arch None
MECH0 phase1 60/300 ZH-CN_U0028_S0_37 B0 True A2 True hash True arch True
MECH0 phase1 61/300 ZH-CN_U0029_S0_1085 B0 True A2 True hash True arch None
MECH0 phase1 62/300 ZH-CN_U0029_S0_1093 B0 True A2 True hash True arch None
MECH0 phase1 63/300 ZH-CN_U0029_S0_204 B0 True A2 True hash True arch True
MECH0 phase1 64/300 ZH-CN_U0029_S0_294 B0 True A2 True hash True arch None
MECH0 phase1 65/300 ZH-CN_U0029_S0_300 B0 True A2 True hash True arch None
MECH0 phase1 66/300 ZH-CN_U0029_S0_340 B0 True A2 True hash True arch None
MECH0 phase1 67/300 ZH-CN_U0029_S0_456 B0 True A2 True hash True arch True
MECH0 phase1 68/300 ZH-CN_U0029_S0_472 B0 True A2 True hash True arch True
MECH0 phase1 69/300 ZH-CN_U0029_S0_651 B0 True A2 True hash True arch True
MECH0 phase1 70/300 ZH-CN_U0029_S0_95 B0 True A2 True hash True arch None
MECH0 phase1 71/300 ZH-CN_U0030_S0_262 B0 True A2 True hash True arch None
MECH0 phase1 72/300 ZH-CN_U0030_S0_288 B0 True A2 True hash True arch None
MECH0 phase1 73/300 ZH-CN_U0030_S0_365 B0 True A2 True hash True arch None
MECH0 phase1 74/300 ZH-CN_U0030_S0_61 B0 True A2 True hash True arch None
MECH0 phase1 75/300 ZH-CN_U0030_S0_81 B0 True A2 True hash True arch True
MECH0 phase1 76/300 ZH-CN_U0039_S0_150 B0 True A2 True hash True arch None
MECH0 phase1 77/300 ZH-CN_U0039_S0_315 B0 True A2 True hash True arch True
MECH0 phase1 78/300 ZH-CN_U0039_S0_380 B0 True A2 True hash True arch True
MECH0 phase1 79/300 ZH-CN_U0039_S0_42 B0 True A2 True hash True arch None
MECH0 phase1 80/300 ZH-CN_U0039_S0_80 B0 True A2 True hash True arch True
MECH0 phase1 81/300 ZH-CN_U0039_S0_81 B0 True A2 True hash True arch None
MECH0 phase1 82/300 ZH-CN_U0040_S0_105 B0 True A2 True hash True arch True
MECH0 phase1 83/300 ZH-CN_U0040_S0_141 B0 True A2 True hash True arch True
MECH0 phase1 84/300 ZH-CN_U0040_S0_149 B0 True A2 True hash True arch None
MECH0 phase1 85/300 ZH-CN_U0040_S0_287 B0 True A2 True hash True arch None
MECH0 phase1 86/300 ZH-CN_U0040_S0_298 B0 True A2 True hash True arch None
MECH0 phase1 87/300 ZH-CN_U0040_S0_310 B0 True A2 True hash True arch None
MECH0 phase1 88/300 ZH-CN_U0040_S0_407 B0 True A2 True hash True arch None
MECH0 phase1 89/300 ZH-CN_U0040_S0_454 B0 True A2 True hash True arch None
MECH0 phase1 90/300 ZH-CN_U0040_S0_914 B0 True A2 True hash True arch None
MECH0 phase1 91/300 ZH-CN_U0085_S0_1 B0 True A2 True hash True arch None
MECH0 phase1 92/300 ZH-CN_U0085_S0_108 B0 True A2 True hash True arch None
MECH0 phase1 93/300 ZH-CN_U0085_S0_167 B0 True A2 True hash True arch None
MECH0 phase1 94/300 ZH-CN_U0085_S0_175 B0 True A2 True hash True arch None
MECH0 phase1 95/300 ZH-CN_U0085_S0_185 B0 True A2 True hash True arch True
MECH0 phase1 96/300 ZH-CN_U0085_S0_85 B0 True A2 True hash True arch None
MECH0 phase1 97/300 ZH-CN_U0085_S0_99 B0 True A2 True hash True arch None
MECH0 phase1 98/300 ZH-CN_U0086_S0_183 B0 True A2 True hash True arch True
MECH0 phase1 99/300 ZH-CN_U0086_S0_185 B0 True A2 True hash True arch True
MECH0 phase1 100/300 ZH-CN_U0086_S0_2 B0 True A2 True hash True arch True
MECH0 phase1 101/300 ZH-CN_U0086_S0_201 B0 True A2 True hash True arch None
MECH0 phase1 102/300 ZH-CN_U0086_S0_222 B0 True A2 True hash True arch True
MECH0 phase1 103/300 ZH-CN_U0086_S0_75 B0 True A2 True hash True arch None
MECH0 phase1 104/300 ZH-CN_U0086_S0_76 B0 True A2 True hash True arch None
MECH0 phase1 105/300 ZH-CN_U0086_S0_97 B0 True A2 True hash True arch None
MECH0 phase1 106/300 ZH-CN_U0091_S0_104 B0 True A2 True hash True arch None
MECH0 phase1 107/300 ZH-CN_U0091_S0_196 B0 True A2 True hash True arch True
MECH0 phase1 108/300 ZH-CN_U0091_S0_209 B0 True A2 True hash True arch None
MECH0 phase1 109/300 ZH-CN_U0091_S0_220 B0 True A2 True hash True arch None
MECH0 phase1 110/300 ZH-CN_U0091_S0_228 B0 True A2 True hash True arch None
MECH0 phase1 111/300 ZH-CN_U0091_S0_241 B0 True A2 True hash True arch True
MECH0 phase1 112/300 ZH-CN_U0091_S0_62 B0 True A2 True hash True arch True
MECH0 phase1 113/300 ZH-CN_U0091_S0_68 B0 True A2 True hash True arch True
MECH0 phase1 114/300 ZH-CN_U0091_S0_72 B0 True A2 True hash True arch None
MECH0 phase1 115/300 ZH-CN_U0091_S0_89 B0 True A2 True hash True arch None
MECH0 phase1 116/300 ZH-CN_U0092_S0_101 B0 True A2 True hash True arch True
MECH0 phase1 117/300 ZH-CN_U0092_S0_170 B0 True A2 True hash True arch None
MECH0 phase1 118/300 ZH-CN_U0092_S0_179 B0 True A2 True hash True arch None
MECH0 phase1 119/300 ZH-CN_U0092_S0_57 B0 True A2 True hash True arch None
MECH0 phase1 120/300 ZH-CN_U0092_S0_85 B0 True A2 True hash True arch None
MECH0 phase1 121/300 ZH-CN_U0101_S0_106 B0 True A2 True hash True arch None
MECH0 phase1 122/300 ZH-CN_U0101_S0_187 B0 True A2 True hash True arch None
MECH0 phase1 123/300 ZH-CN_U0101_S0_190 B0 True A2 True hash True arch True
MECH0 phase1 124/300 ZH-CN_U0101_S0_191 B0 True A2 True hash True arch None
MECH0 phase1 125/300 ZH-CN_U0101_S0_192 B0 True A2 True hash True arch None
MECH0 phase1 126/300 ZH-CN_U0101_S0_203 B0 True A2 True hash True arch None
MECH0 phase1 127/300 ZH-CN_U0101_S0_205 B0 True A2 True hash True arch None
MECH0 phase1 128/300 ZH-CN_U0101_S0_65 B0 True A2 True hash True arch None
MECH0 phase1 129/300 ZH-CN_U0101_S0_71 B0 True A2 True hash True arch True
MECH0 phase1 130/300 ZH-CN_U0101_S0_85 B0 True A2 True hash True arch None
MECH0 phase1 131/300 ZH-CN_U0102_S0_44 B0 True A2 True hash True arch True
MECH0 phase1 132/300 ZH-CN_U0102_S0_52 B0 True A2 True hash True arch None
MECH0 phase1 133/300 ZH-CN_U0102_S0_64 B0 True A2 True hash True arch True
MECH0 phase1 134/300 ZH-CN_U0102_S0_76 B0 True A2 True hash True arch None
MECH0 phase1 135/300 ZH-CN_U0102_S0_80 B0 True A2 True hash True arch True
MECH0 phase1 136/300 ZH-CN_U1001_S0_164 B0 True A2 True hash True arch None
MECH0 phase1 137/300 ZH-CN_U1001_S0_168 B0 True A2 True hash True arch None
MECH0 phase1 138/300 ZH-CN_U1001_S0_270 B0 True A2 True hash True arch None
MECH0 phase1 139/300 ZH-CN_U1001_S0_344 B0 True A2 True hash True arch None
MECH0 phase1 140/300 ZH-CN_U1001_S0_388 B0 True A2 True hash True arch None
MECH0 phase1 141/300 ZH-CN_U1001_S0_402 B0 True A2 True hash True arch True
MECH0 phase1 142/300 ZH-CN_U1001_S0_406 B0 True A2 True hash True arch None
MECH0 phase1 143/300 ZH-CN_U1001_S0_44 B0 True A2 True hash True arch True
MECH0 phase1 144/300 ZH-CN_U1001_S0_476 B0 True A2 True hash True arch None
MECH0 phase1 145/300 ZH-CN_U1001_S0_482 B0 True A2 True hash True arch True
MECH0 phase1 146/300 ZH-CN_U1001_S0_53 B0 True A2 True hash True arch None
MECH0 phase1 147/300 ZH-CN_U1002_S0_284 B0 True A2 True hash True arch True
MECH0 phase1 148/300 ZH-CN_U1002_S0_288 B0 True A2 True hash True arch None
MECH0 phase1 149/300 ZH-CN_U1002_S0_337 B0 True A2 True hash True arch None
MECH0 phase1 150/300 ZH-CN_U1002_S0_488 B0 True A2 True hash True arch True
MECH0 phase1 151/300 ZH-CN_U1003_S0_119 B0 True A2 True hash True arch None
MECH0 phase1 152/300 ZH-CN_U1003_S0_135 B0 True A2 True hash True arch None
MECH0 phase1 153/300 ZH-CN_U1003_S0_141 B0 True A2 True hash True arch True
MECH0 phase1 154/300 ZH-CN_U1003_S0_19 B0 True A2 True hash True arch None
MECH0 phase1 155/300 ZH-CN_U1003_S0_201 B0 True A2 True hash True arch None
MECH0 phase1 156/300 ZH-CN_U1003_S0_22 B0 True A2 True hash True arch None
MECH0 phase1 157/300 ZH-CN_U1003_S0_56 B0 True A2 True hash True arch None
MECH0 phase1 158/300 ZH-CN_U1003_S0_61 B0 True A2 True hash True arch True
MECH0 phase1 159/300 ZH-CN_U1003_S0_63 B0 True A2 True hash True arch True
MECH0 phase1 160/300 ZH-CN_U1003_S0_94 B0 True A2 True hash True arch True
MECH0 phase1 161/300 ZH-CN_U1004_S0_221 B0 True A2 True hash True arch True
MECH0 phase1 162/300 ZH-CN_U1004_S0_224 B0 True A2 True hash True arch None
MECH0 phase1 163/300 ZH-CN_U1004_S0_267 B0 True A2 True hash True arch None
MECH0 phase1 164/300 ZH-CN_U1004_S0_28 B0 True A2 True hash True arch None
MECH0 phase1 165/300 ZH-CN_U1004_S0_310 B0 True A2 True hash True arch None
MECH0 phase1 166/300 ZH-CN_U1021_S0_173 B0 True A2 True hash True arch True
MECH0 phase1 167/300 ZH-CN_U1021_S0_195 B0 True A2 True hash True arch True
MECH0 phase1 168/300 ZH-CN_U1021_S0_197 B0 True A2 True hash True arch None
MECH0 phase1 169/300 ZH-CN_U1021_S0_205 B0 True A2 True hash True arch None
MECH0 phase1 170/300 ZH-CN_U1021_S0_52 B0 True A2 True hash True arch None
MECH0 phase1 171/300 ZH-CN_U1021_S0_61 B0 True A2 True hash True arch None
MECH0 phase1 172/300 ZH-CN_U1021_S0_67 B0 True A2 True hash True arch None
MECH0 phase1 173/300 ZH-CN_U1021_S0_68 B0 True A2 True hash True arch True
MECH0 phase1 174/300 ZH-CN_U1022_S0_155 B0 True A2 True hash True arch None
MECH0 phase1 175/300 ZH-CN_U1022_S0_157 B0 True A2 True hash True arch None
MECH0 phase1 176/300 ZH-CN_U1022_S0_159 B0 True A2 True hash True arch None
MECH0 phase1 177/300 ZH-CN_U1022_S0_181 B0 True A2 True hash True arch None
MECH0 phase1 178/300 ZH-CN_U1022_S0_187 B0 True A2 True hash True arch None
MECH0 phase1 179/300 ZH-CN_U1022_S0_66 B0 True A2 True hash True arch True
MECH0 phase1 180/300 ZH-CN_U1022_S0_71 B0 True A2 True hash True arch True
MECH0 phase1 181/300 ZH-CN_U1027_S0_199 B0 True A2 True hash True arch True
MECH0 phase1 182/300 ZH-CN_U1027_S0_207 B0 True A2 True hash True arch None
MECH0 phase1 183/300 ZH-CN_U1027_S0_250 B0 True A2 True hash True arch None
MECH0 phase1 184/300 ZH-CN_U1027_S0_3 B0 True A2 True hash True arch None
MECH0 phase1 185/300 ZH-CN_U1027_S0_33 B0 True A2 True hash True arch None
MECH0 phase1 186/300 ZH-CN_U1027_S0_39 B0 True A2 True hash True arch None
MECH0 phase1 187/300 ZH-CN_U1027_S0_57 B0 True A2 True hash True arch None
MECH0 phase1 188/300 ZH-CN_U1028_S0_1 B0 True A2 True hash True arch None
MECH0 phase1 189/300 ZH-CN_U1028_S0_174 B0 True A2 True hash True arch None
MECH0 phase1 190/300 ZH-CN_U1028_S0_176 B0 True A2 True hash True arch True
MECH0 phase1 191/300 ZH-CN_U1028_S0_184 B0 True A2 True hash True arch True
MECH0 phase1 192/300 ZH-CN_U1028_S0_22 B0 True A2 True hash True arch None
MECH0 phase1 193/300 ZH-CN_U1028_S0_38 B0 True A2 True hash True arch True
MECH0 phase1 194/300 ZH-CN_U1028_S0_40 B0 True A2 True hash True arch True
MECH0 phase1 195/300 ZH-CN_U1028_S0_48 B0 True A2 True hash True arch None
MECH0 phase1 196/300 ZH-CN_U1033_S0_159 B0 True A2 True hash True arch None
MECH0 phase1 197/300 ZH-CN_U1033_S0_191 B0 True A2 True hash True arch True
MECH0 phase1 198/300 ZH-CN_U1033_S0_199 B0 True A2 True hash True arch True
MECH0 phase1 199/300 ZH-CN_U1033_S0_205 B0 True A2 True hash True arch None
MECH0 phase1 200/300 ZH-CN_U1033_S0_212 B0 True A2 True hash True arch None
MECH0 phase1 201/300 ZH-CN_U1033_S0_61 B0 True A2 True hash True arch None
MECH0 phase1 202/300 ZH-CN_U1034_S0_173 B0 True A2 True hash True arch True
MECH0 phase1 203/300 ZH-CN_U1034_S0_177 B0 True A2 True hash True arch True
MECH0 phase1 204/300 ZH-CN_U1034_S0_187 B0 True A2 True hash True arch None
MECH0 phase1 205/300 ZH-CN_U1034_S0_191 B0 True A2 True hash True arch None
MECH0 phase1 206/300 ZH-CN_U1034_S0_49 B0 True A2 True hash True arch None
MECH0 phase1 207/300 ZH-CN_U1034_S0_53 B0 True A2 True hash True arch True
MECH0 phase1 208/300 ZH-CN_U1034_S0_57 B0 True A2 True hash True arch None
MECH0 phase1 209/300 ZH-CN_U1034_S0_70 B0 True A2 True hash True arch None
MECH0 phase1 210/300 ZH-CN_U1034_S0_77 B0 True A2 True hash True arch None
MECH0 phase1 211/300 ZH-CN_U1063_S0_15 B0 True A2 True hash True arch None
MECH0 phase1 212/300 ZH-CN_U1063_S0_17 B0 True A2 True hash True arch None
MECH0 phase1 213/300 ZH-CN_U1063_S0_23 B0 True A2 True hash True arch None
MECH0 phase1 214/300 ZH-CN_U1063_S0_26 B0 True A2 True hash True arch None
MECH0 phase1 215/300 ZH-CN_U1063_S0_54 B0 True A2 True hash True arch True
MECH0 phase1 216/300 ZH-CN_U1063_S0_56 B0 True A2 True hash True arch None
MECH0 phase1 217/300 ZH-CN_U1063_S0_58 B0 True A2 True hash True arch None
MECH0 phase1 218/300 ZH-CN_U1064_S0_100 B0 True A2 True hash True arch True
MECH0 phase1 219/300 ZH-CN_U1064_S0_102 B0 True A2 True hash True arch None
MECH0 phase1 220/300 ZH-CN_U1064_S0_110 B0 True A2 True hash True arch True
MECH0 phase1 221/300 ZH-CN_U1064_S0_26 B0 True A2 True hash True arch True
MECH0 phase1 222/300 ZH-CN_U1064_S0_34 B0 True A2 True hash True arch None
MECH0 phase1 223/300 ZH-CN_U1064_S0_35 B0 True A2 True hash True arch None
MECH0 phase1 224/300 ZH-CN_U1064_S0_47 B0 True A2 True hash True arch None
MECH0 phase1 225/300 ZH-CN_U1064_S0_95 B0 True A2 True hash True arch True
MECH0 phase1 226/300 ZH-CN_U1075_S0_175 B0 True A2 True hash True arch None
MECH0 phase1 227/300 ZH-CN_U1075_S0_49 B0 True A2 True hash True arch None
MECH0 phase1 228/300 ZH-CN_U1075_S0_88 B0 True A2 True hash True arch None
MECH0 phase1 229/300 ZH-CN_U1076_S0_140 B0 True A2 True hash True arch None
MECH0 phase1 230/300 ZH-CN_U1076_S0_154 B0 True A2 True hash True arch True
MECH0 phase1 231/300 ZH-CN_U1076_S0_156 B0 True A2 True hash True arch None
MECH0 phase1 232/300 ZH-CN_U1076_S0_159 B0 True A2 True hash True arch None
MECH0 phase1 233/300 ZH-CN_U1076_S0_178 B0 True A2 True hash True arch True
MECH0 phase1 234/300 ZH-CN_U1076_S0_180 B0 True A2 True hash True arch None
MECH0 phase1 235/300 ZH-CN_U1076_S0_24 B0 True A2 True hash True arch True
MECH0 phase1 236/300 ZH-CN_U1076_S0_25 B0 True A2 True hash True arch None
MECH0 phase1 237/300 ZH-CN_U1076_S0_26 B0 True A2 True hash True arch True
MECH0 phase1 238/300 ZH-CN_U1076_S0_34 B0 True A2 True hash True arch None
MECH0 phase1 239/300 ZH-CN_U1076_S0_35 B0 True A2 True hash True arch True
MECH0 phase1 240/300 ZH-CN_U1076_S0_51 B0 True A2 True hash True arch None
MECH0 phase1 241/300 ZH-CN_U1079_S0_175 B0 True A2 True hash True arch None
MECH0 phase1 242/300 ZH-CN_U1079_S0_23 B0 True A2 True hash True arch True
MECH0 phase1 243/300 ZH-CN_U1079_S0_54 B0 True A2 True hash True arch True
MECH0 phase1 244/300 ZH-CN_U1079_S0_58 B0 True A2 True hash True arch None
MECH0 phase1 245/300 ZH-CN_U1079_S0_68 B0 True A2 True hash True arch True
MECH0 phase1 246/300 ZH-CN_U1079_S0_70 B0 True A2 True hash True arch None
MECH0 phase1 247/300 ZH-CN_U1080_S0_1 B0 True A2 True hash True arch None
MECH0 phase1 248/300 ZH-CN_U1080_S0_163 B0 True A2 True hash True arch None
MECH0 phase1 249/300 ZH-CN_U1080_S0_181 B0 True A2 True hash True arch None
MECH0 phase1 250/300 ZH-CN_U1080_S0_193 B0 True A2 True hash True arch None
MECH0 phase1 251/300 ZH-CN_U1080_S0_43 B0 True A2 True hash True arch True
MECH0 phase1 252/300 ZH-CN_U1080_S0_57 B0 True A2 True hash True arch None
MECH0 phase1 253/300 ZH-CN_U1080_S0_64 B0 True A2 True hash True arch True
MECH0 phase1 254/300 ZH-CN_U1080_S0_88 B0 True A2 True hash True arch None
MECH0 phase1 255/300 ZH-CN_U1080_S0_90 B0 True A2 True hash True arch None
MECH0 phase1 256/300 ZH-CN_U1081_S0_131 B0 True A2 True hash True arch True
MECH0 phase1 257/300 ZH-CN_U1081_S0_172 B0 True A2 True hash True arch True
MECH0 phase1 258/300 ZH-CN_U1081_S0_184 B0 True A2 True hash True arch None
MECH0 phase1 259/300 ZH-CN_U1081_S0_190 B0 True A2 True hash True arch None
MECH0 phase1 260/300 ZH-CN_U1081_S0_192 B0 True A2 True hash True arch None
MECH0 phase1 261/300 ZH-CN_U1081_S0_65 B0 True A2 True hash True arch True
MECH0 phase1 262/300 ZH-CN_U1081_S0_76 B0 True A2 True hash True arch True
MECH0 phase1 263/300 ZH-CN_U1081_S0_84 B0 True A2 True hash True arch None
MECH0 phase1 264/300 ZH-CN_U1082_S0_132 B0 True A2 True hash True arch None
MECH0 phase1 265/300 ZH-CN_U1082_S0_134 B0 True A2 True hash True arch None
MECH0 phase1 266/300 ZH-CN_U1082_S0_144 B0 True A2 True hash True arch None
MECH0 phase1 267/300 ZH-CN_U1082_S0_36 B0 True A2 True hash True arch None
MECH0 phase1 268/300 ZH-CN_U1082_S0_60 B0 True A2 True hash True arch None
MECH0 phase1 269/300 ZH-CN_U1082_S0_63 B0 True A2 True hash True arch None
MECH0 phase1 270/300 ZH-CN_U1082_S0_67 B0 True A2 True hash True arch True
MECH0 phase1 271/300 ZH-CN_U2003_S0_128 B0 True A2 True hash True arch None
MECH0 phase1 272/300 ZH-CN_U2003_S0_132 B0 True A2 True hash True arch None
MECH0 phase1 273/300 ZH-CN_U2003_S0_150 B0 True A2 True hash True arch None
MECH0 phase1 274/300 ZH-CN_U2003_S0_280 B0 True A2 True hash True arch None
MECH0 phase1 275/300 ZH-CN_U2004_S0_104 B0 True A2 True hash True arch True
MECH0 phase1 276/300 ZH-CN_U2004_S0_118 B0 True A2 True hash True arch None
MECH0 phase1 277/300 ZH-CN_U2004_S0_122 B0 True A2 True hash True arch None
MECH0 phase1 278/300 ZH-CN_U2004_S0_138 B0 True A2 True hash True arch None
MECH0 phase1 279/300 ZH-CN_U2004_S0_144 B0 True A2 True hash True arch None
MECH0 phase1 280/300 ZH-CN_U2004_S0_150 B0 True A2 True hash True arch True
MECH0 phase1 281/300 ZH-CN_U2004_S0_154 B0 True A2 True hash True arch True
MECH0 phase1 282/300 ZH-CN_U2004_S0_266 B0 True A2 True hash True arch True
MECH0 phase1 283/300 ZH-CN_U2004_S0_272 B0 True A2 True hash True arch None
MECH0 phase1 284/300 ZH-CN_U2004_S0_281 B0 True A2 True hash True arch None
MECH0 phase1 285/300 ZH-CN_U2004_S0_287 B0 True A2 True hash True arch True
MECH0 phase1 286/300 ZH-CN_U2011_S0_108 B0 True A2 True hash True arch True
MECH0 phase1 287/300 ZH-CN_U2011_S0_22 B0 True A2 True hash True arch True
MECH0 phase1 288/300 ZH-CN_U2011_S0_28 B0 True A2 True hash True arch None
MECH0 phase1 289/300 ZH-CN_U2011_S0_32 B0 True A2 True hash True arch None
MECH0 phase1 290/300 ZH-CN_U2011_S0_36 B0 True A2 True hash True arch True
MECH0 phase1 291/300 ZH-CN_U2011_S0_65 B0 True A2 True hash True arch None
MECH0 phase1 292/300 ZH-CN_U2011_S0_89 B0 True A2 True hash True arch None
MECH0 phase1 293/300 ZH-CN_U2011_S0_93 B0 True A2 True hash True arch None
MECH0 phase1 294/300 ZH-CN_U2011_S0_99 B0 True A2 True hash True arch True
MECH0 phase1 295/300 ZH-CN_U2012_S0_100 B0 True A2 True hash True arch None
MECH0 phase1 296/300 ZH-CN_U2012_S0_104 B0 True A2 True hash True arch None
MECH0 phase1 297/300 ZH-CN_U2012_S0_108 B0 True A2 True hash True arch None
MECH0 phase1 298/300 ZH-CN_U2012_S0_24 B0 True A2 True hash True arch True
MECH0 phase1 299/300 ZH-CN_U2012_S0_31 B0 True A2 True hash True arch None
MECH0 phase1 300/300 ZH-CN_U2012_S0_42 B0 True A2 True hash True arch None
MECH0 phase2 ZH-CN_U0011_S0_103 A2_SAME step1==A2 True
MECH0 phase2 ZH-CN_U0011_S0_111 A2_SAME step1==A2 True
MECH0 phase2 ZH-CN_U0011_S0_265 CONTENT_DIVERGENCE step1==A2 True acts ['A2', 'A2', 'A2']
MECH0 phase2 ZH-CN_U0021_S0_118 CONTENT_DIVERGENCE step1==A2 False acts ['B0', 'B0', 'B0']
MECH0 phase2 ZH-CN_U0021_S0_225 A2_SAME step1==A2 True
MECH0 phase2 ZH-CN_U0021_S0_285 A2_SAME step1==A2 True
MECH0 phase2 ZH-CN_U0021_S0_513 CONTENT_DIVERGENCE step1==A2 True acts ['A2', 'A2', 'A2']
MECH0 phase2 ZH-CN_U0023_S0_102 CONTENT_DIVERGENCE step1==A2 True acts ['A2', 'A2', 'A2']
MECH0 phase2 ZH-CN_U0023_S0_106 A2_SAME step1==A2 True
MECH0 phase2 ZH-CN_U0023_S0_111 A2_SAME step1==A2 True
MECH0 phase2 ZH-CN_U0023_S0_253 CONTENT_DIVERGENCE step1==A2 False acts ['A2', 'B0', 'A2']
MECH0 phase2 ZH-CN_U0023_S0_469 CONTENT_DIVERGENCE step1==A2 True acts ['A2', 'A2', 'A2']
MECH0 phase2 ZH-CN_U0023_S0_560 CONTENT_DIVERGENCE step1==A2 True acts ['A2', 'A2', 'B0']
MECH0 phase2 ZH-CN_U0023_S0_664 CONTENT_DIVERGENCE step1==A2 False acts ['B0', 'B0', 'B0']
MECH0 phase2 ZH-CN_U0023_S0_666 CONTENT_DIVERGENCE step1==A2 True acts ['A2', 'A2', 'A2']
MECH0 phase2 ZH-CN_U0023_S0_87 CONTENT_DIVERGENCE step1==A2 True acts ['B0', 'A2', 'A2']
MECH0 phase2 ZH-CN_U0023_S0_91 CONTENT_DIVERGENCE step1==A2 False acts ['A2', 'A2', 'A2']
MECH0 phase2 ZH-CN_U0027_S0_114 A2_SAME step1==A2 True
MECH0 phase2 ZH-CN_U0027_S0_116 EOS_RECOVERY step1==A2 True acts ['A2', 'A2', 'A2']
MECH0 phase2 ZH-CN_U0027_S0_144 A2_SAME step1==A2 True
MECH0 phase2 ZH-CN_U0027_S0_157 EOS_RECOVERY step1==A2 True acts ['A2', 'A2', 'A2']
MECH0 phase2 ZH-CN_U0029_S0_1085 CONTENT_DIVERGENCE step1==A2 False acts ['A2', 'A2', 'A2']
MECH0 phase2 ZH-CN_U0029_S0_1093 CONTENT_DIVERGENCE step1==A2 True acts ['A2', 'A2', 'A2']
MECH0 phase2 ZH-CN_U0029_S0_204 A2_SAME step1==A2 True
MECH0 phase2 ZH-CN_U0029_S0_294 A2_SAME step1==A2 True
MECH0 phase2 ZH-CN_U0029_S0_340 CONTENT_DIVERGENCE step1==A2 True acts ['A2', 'A2', 'A2']
MECH0 phase2 ZH-CN_U0030_S0_61 EOS_RECOVERY step1==A2 True acts ['B0', 'A2', 'A2']
MECH0 phase2 ZH-CN_U0039_S0_150 A2_SAME step1==A2 True
MECH0 phase2 ZH-CN_U0039_S0_315 A2_SAME step1==A2 True
MECH0 phase2 ZH-CN_U0039_S0_380 CONTENT_DIVERGENCE step1==A2 False acts ['B0', 'A2', 'B0']
MECH0 phase2 ZH-CN_U0040_S0_149 EOS_RECOVERY step1==A2 False acts ['A2', 'A2', 'A2']
MECH0 phase2 ZH-CN_U0040_S0_454 CONTENT_DIVERGENCE step1==A2 False acts ['A2', 'A2', 'A2']
MECH0 phase2 ZH-CN_U0085_S0_1 A2_SAME step1==A2 True
MECH0 phase2 ZH-CN_U0085_S0_108 CONTENT_DIVERGENCE step1==A2 False acts ['B0', 'A2', 'A2']
MECH0 phase2 ZH-CN_U0085_S0_167 A2_SAME step1==A2 True
MECH0 phase2 ZH-CN_U0085_S0_99 CONTENT_DIVERGENCE step1==A2 True acts ['B0', 'A2', 'A2']
MECH0 phase2 ZH-CN_U0086_S0_222 EOS_RECOVERY step1==A2 True acts ['A2', 'A2', 'A2']
MECH0 phase2 ZH-CN_U0091_S0_104 CONTENT_DIVERGENCE step1==A2 False acts ['B0', 'A2', 'B0']
MECH0 phase2 ZH-CN_U0091_S0_196 EOS_RECOVERY step1==A2 True acts ['B0', 'A2', 'A2']
MECH0 phase2 ZH-CN_U0091_S0_209 A2_SAME step1==A2 False
MECH0 phase2 ZH-CN_U0091_S0_220 A2_SAME step1==A2 True
MECH0 phase2 ZH-CN_U0091_S0_68 CONTENT_DIVERGENCE step1==A2 False acts ['A2', 'A2', 'A2']
MECH0 phase2 ZH-CN_U0091_S0_72 CONTENT_DIVERGENCE step1==A2 True acts ['A2', 'A2', 'A2']
MECH0 phase2 ZH-CN_U0092_S0_101 CONTENT_DIVERGENCE step1==A2 True acts ['B0', 'A2', 'A2']
MECH0 phase2 ZH-CN_U0092_S0_85 CONTENT_DIVERGENCE step1==A2 True acts ['A2', 'A2', 'A2']
MECH0 phase2 ZH-CN_U0101_S0_106 A2_SAME step1==A2 True
MECH0 phase2 ZH-CN_U0101_S0_187 A2_SAME step1==A2 True
MECH0 phase2 ZH-CN_U0101_S0_190 CONTENT_DIVERGENCE step1==A2 True acts ['B0', 'A2', 'third']
MECH0 phase2 ZH-CN_U1001_S0_164 A2_SAME step1==A2 True
MECH0 phase2 ZH-CN_U1001_S0_168 A2_SAME step1==A2 True
MECH0 phase2 ZH-CN_U1001_S0_388 EOS_RECOVERY step1==A2 True acts ['A2', 'A2', 'A2']
MECH0 phase2 ZH-CN_U1003_S0_119 EOS_RECOVERY step1==A2 True acts ['A2', 'A2', 'A2']
MECH0 phase2 ZH-CN_U1003_S0_135 A2_SAME step1==A2 True
MECH0 phase2 ZH-CN_U1003_S0_141 A2_SAME step1==A2 True
MECH0 phase2 ZH-CN_U1003_S0_63 CONTENT_DIVERGENCE step1==A2 True acts ['A2', 'A2', 'A2']
MECH0 phase2 ZH-CN_U1004_S0_221 EOS_RECOVERY step1==A2 False acts ['B0', 'B0', 'B0']
MECH0 phase2 ZH-CN_U1021_S0_173 A2_SAME step1==A2 True
MECH0 phase2 ZH-CN_U1021_S0_195 A2_SAME step1==A2 True
MECH0 phase2 ZH-CN_U1027_S0_199 A2_SAME step1==A2 True
MECH0 phase2 ZH-CN_U1027_S0_207 A2_SAME step1==A2 True
MECH0 phase2 ZH-CN_U1027_S0_3 CONTENT_DIVERGENCE step1==A2 False acts ['B0', 'A2', 'A2']
MECH0 phase2 ZH-CN_U1028_S0_1 CONTENT_DIVERGENCE step1==A2 True acts ['A2', 'A2', 'A2']
MECH0 phase2 ZH-CN_U1033_S0_159 A2_SAME step1==A2 True
MECH0 phase2 ZH-CN_U1033_S0_191 A2_SAME step1==A2 True
MECH0 phase2 ZH-CN_U1034_S0_77 EOS_RECOVERY step1==A2 True acts ['B0', 'A2', 'A2']
MECH0 phase2 ZH-CN_U1063_S0_15 A2_SAME step1==A2 True
MECH0 phase2 ZH-CN_U1063_S0_17 A2_SAME step1==A2 True
MECH0 phase2 ZH-CN_U1063_S0_23 CONTENT_DIVERGENCE step1==A2 True acts ['A2', 'A2', 'A2']
MECH0 phase2 ZH-CN_U1063_S0_56 CONTENT_DIVERGENCE step1==A2 False acts ['B0', 'B0', 'B0']
MECH0 phase2 ZH-CN_U1064_S0_26 CONTENT_DIVERGENCE step1==A2 True acts ['A2', 'B0', 'B0']
MECH0 phase2 ZH-CN_U1075_S0_175 A2_SAME step1==A2 True
MECH0 phase2 ZH-CN_U1075_S0_49 A2_SAME step1==A2 True
MECH0 phase2 ZH-CN_U1079_S0_175 A2_SAME step1==A2 True
MECH0 phase2 ZH-CN_U1079_S0_23 A2_SAME step1==A2 True
MECH0 phase2 ZH-CN_U1080_S0_1 CONTENT_DIVERGENCE step1==A2 False acts ['A2', 'A2', 'A2']
MECH0 phase2 ZH-CN_U1081_S0_131 A2_SAME step1==A2 True
MECH0 phase2 ZH-CN_U1081_S0_172 A2_SAME step1==A2 True
MECH0 phase2 ZH-CN_U1082_S0_63 EOS_RECOVERY step1==A2 True acts ['A2', 'A2', 'A2']
MECH0 phase2 ZH-CN_U2003_S0_128 A2_SAME step1==A2 True
MECH0 phase2 ZH-CN_U2003_S0_132 A2_SAME step1==A2 True
MECH0 phase2 ZH-CN_U2003_S0_150 EOS_RECOVERY step1==A2 True acts ['A2', 'A2', 'A2']
MECH0 phase2 ZH-CN_U2004_S0_118 CONTENT_DIVERGENCE step1==A2 True acts ['A2', 'A2', 'A2']
MECH0 phase2 ZH-CN_U2011_S0_108 A2_SAME step1==A2 True
MECH0 phase2 ZH-CN_U2011_S0_22 A2_SAME step1==A2 True
