P2-TTA-A3 1/24 ZH-CN_U0021_S0_513 D lang=<|en|> Dcond=[0.25156447291374207, 0.14112116396427155, 0.0991385206580162] CLOSER 2.3s
P2-TTA-A3 2/24 ZH-CN_U0023_S0_666 D lang=<|en|> Dcond=[0.6139691472053528, 0.41742992401123047, 0.29048100113868713] CLOSER 0.8s
P2-TTA-A3 3/24 ZH-CN_U0023_S0_87 D lang=<|en|> Dcond=[0.20633889734745026, 0.13550791144371033, 0.10177277773618698] CLOSER 1.8s
P2-TTA-A3 4/24 ZH-CN_U0023_S0_664 D lang=<|en|> Dcond=[0.4566948711872101, 0.299141526222229, 0.21880990266799927] FARTHER 1.1s
P2-TTA-A3 5/24 ZH-CN_U0029_S0_472 D lang=<|en|> Dcond=[1.7961695194244385, 1.2102818489074707, 0.9110535383224487] SAME 0.5s
P2-TTA-A3 6/24 ZH-CN_U0039_S0_80 D lang=<|en|> Dcond=[1.8853086233139038, 1.3250268697738647, 0.8070354461669922] SAME 0.6s
P2-TTA-A3 7/24 ZH-CN_U0091_S0_68 D lang=<|en|> Dcond=[1.1025454998016357, 0.8014672994613647, 0.6158558130264282] CLOSER 0.6s
P2-TTA-A3 8/24 ZH-CN_U0092_S0_101 D lang=<|en|> Dcond=[0.48371195793151855, 0.3475624918937683, 0.2843775451183319] SAME 1.0s
P2-TTA-A3 9/24 ZH-CN_U0102_S0_80 D lang=<|en|> Dcond=[0.23266372084617615, 0.16597291827201843, 0.13410356640815735] SAME 1.4s
P2-TTA-A3 10/24 ZH-CN_U1003_S0_61 D lang=<|en|> Dcond=[3.9816701412200928, 2.8586626052856445, 2.1180965900421143] SAME 0.5s
P2-TTA-A3 11/24 ZH-CN_U1079_S0_23 D lang=<|en|> Dcond=[0.4873567223548889, 0.27332738041877747, 0.12143068015575409] SAME 0.8s
P2-TTA-A3 12/24 ZH-CN_U2004_S0_104 D lang=<|ms|> Dcond=[4.177577018737793, 2.329249620437622, 1.7288144826889038] SAME 0.8s
P2-TTA-A3 13/24 ZH-CN_U0011_S0_111 A lang=<|zh|> Dcond=[0.0, 0.0, 0.0] SAME 0.9s
P2-TTA-A3 14/24 ZH-CN_U0027_S0_116 A lang=<|zh|> Dcond=[0.0, 0.0, 0.0] SAME 2.9s
P2-TTA-A3 15/24 ZH-CN_U0085_S0_185 A lang=<|zh|> Dcond=[0.0, 0.0, 0.0] SAME 3.6s
P2-TTA-A3 16/24 ZH-CN_U1001_S0_402 A lang=<|zh|> Dcond=[0.0, 0.0, 0.0] SAME 1.6s
P2-TTA-A3 17/24 ZH-CN_U1022_S0_71 A lang=<|zh|> Dcond=[0.0, 0.0, 0.0] SAME 3.4s
P2-TTA-A3 18/24 ZH-CN_U1027_S0_199 A lang=<|zh|> Dcond=[0.0, 0.0, 0.0] SAME 1.5s
P2-TTA-A3 19/24 ZH-CN_U1034_S0_53 A lang=<|zh|> Dcond=[0.0, 0.0, 0.0] SAME 0.7s
P2-TTA-A3 20/24 ZH-CN_U1064_S0_110 A lang=<|zh|> Dcond=[0.0, 0.0, 0.0] SAME 2.5s
P2-TTA-A3 21/24 ZH-CN_U1076_S0_24 A lang=<|zh|> Dcond=[0.0, 0.0, 0.0] SAME 2.8s
P2-TTA-A3 22/24 ZH-CN_U1081_S0_131 A lang=<|zh|> Dcond=[0.0, 0.0, 0.0] SAME 1.0s
P2-TTA-A3 23/24 ZH-CN_U2012_S0_24 A lang=<|zh|> Dcond=[0.0, 0.0, 0.0] SAME 1.6s
P2-TTA-A3 24/24 ZH-CN_U0022_S0_91 A lang=<|zh|> Dcond=[0.0, 0.0, 0.0] SAME 1.4s
