P0R1 1/60 english_wrong:ZH-CN_U0024_S0_97:39 ok 0.9s
P0R1 2/60 english_wrong:ZH-CN_U0101_S0_203:51 skip 1.2s
P0R1 3/60 english_wrong:ZH-CN_U1080_S0_1:30 ok 2.7s
P0R1 4/60 english_wrong:ZH-CN_U0012_S0_600:101 ok 1.1s
P0R1 5/60 english_wrong:ZH-CN_U1022_S0_157:38 ok 1.0s
P0R1 6/60 english_wrong:ZH-CN_U0091_S0_220:15 skip 0.5s
P0R1 7/60 english_wrong:ZH-CN_U0021_S0_285:74 ok 1.3s
P0R1 8/60 english_wrong:ZH-CN_U1004_S0_310:43 ok 1.0s
P0R1 9/60 english_wrong:ZH-CN_U0011_S0_111:0 ok 0.5s
P0R1 10/60 english_wrong:ZH-CN_U2011_S0_36:8 ok 0.8s
P0R1 11/60 english_wrong:ZH-CN_U0029_S0_340:3 ok 0.6s
P0R1 12/60 english_wrong:ZH-CN_U0039_S0_80:19 ok 0.4s
P0R1 13/60 english_wrong:ZH-CN_U0101_S0_192:26 ok 0.6s
P0R1 14/60 english_wrong:ZH-CN_U0040_S0_310:5 ok 0.4s
P0R1 15/60 english_wrong:ZH-CN_U1003_S0_22:43 ok 1.0s
P0R1 16/60 english_wrong:ZH-CN_U0039_S0_380:88 ok 1.8s
P0R1 17/60 english_wrong:ZH-CN_U0027_S0_116:139 ok 1.2s
P0R1 18/60 english_wrong:ZH-CN_U1063_S0_17:44 ok 1.3s
P0R1 19/60 english_wrong:ZH-CN_U0040_S0_149:25 ok 0.8s
P0R1 20/60 english_wrong:ZH-CN_U0029_S0_95:5 ok 0.6s
P0R1 21/60 english_correct:ZH-CN_U0023_S0_560:1 ok 0.7s
P0R1 22/60 english_correct:ZH-CN_U0023_S0_87:18 ok 0.8s
P0R1 23/60 english_correct:ZH-CN_U1028_S0_1:53 ok 1.3s
P0R1 24/60 english_correct:ZH-CN_U0091_S0_209:23 ok 1.2s
P0R1 25/60 english_correct:ZH-CN_U0101_S0_191:102 ok 1.4s
P0R1 26/60 english_correct:ZH-CN_U0091_S0_72:9 ok 0.5s
P0R1 27/60 english_correct:ZH-CN_U1022_S0_181:37 ok 0.8s
P0R1 28/60 english_correct:ZH-CN_U0091_S0_104:2 ok 1.4s
P0R1 29/60 english_correct:ZH-CN_U1064_S0_110:25 ok 1.0s
P0R1 30/60 english_correct:ZH-CN_U0028_S0_158:10 ok 0.6s
P0R1 31/60 english_correct:ZH-CN_U0085_S0_99:27 ok 0.9s
P0R1 32/60 english_correct:ZH-CN_U1076_S0_51:42 ok 0.8s
P0R1 33/60 english_correct:ZH-CN_U1027_S0_199:0 ok 0.7s
P0R1 34/60 english_correct:ZH-CN_U0011_S0_265:27 ok 0.8s
P0R1 35/60 english_correct:ZH-CN_U2012_S0_108:19 ok 0.6s
P0R1 36/60 english_correct:ZH-CN_U1080_S0_163:28 ok 0.7s
P0R1 37/60 english_correct:ZH-CN_U0085_S0_167:20 skip 0.9s
P0R1 38/60 english_correct:ZH-CN_U0101_S0_190:11 ok 1.2s
P0R1 39/60 english_correct:ZH-CN_U1034_S0_77:51 ok 1.0s
P0R1 40/60 english_correct:ZH-CN_U0085_S0_175:67 ok 1.0s
P0R1 41/60 mandarin:ZH-CN_U2003_S0_150:7 ok 0.6s
P0R1 42/60 mandarin:ZH-CN_U0023_S0_91:20 ok 0.7s
P0R1 43/60 mandarin:ZH-CN_U0023_S0_666:1 ok 0.5s
P0R1 44/60 mandarin:ZH-CN_U0086_S0_76:36 ok 1.1s
P0R1 45/60 mandarin:ZH-CN_U1076_S0_140:27 ok 0.9s
P0R1 46/60 mandarin:ZH-CN_U1027_S0_3:13 ok 0.6s
P0R1 47/60 mandarin:ZH-CN_U2011_S0_32:26 ok 0.8s
P0R1 48/60 mandarin:ZH-CN_U1063_S0_54:56 ok 1.4s
P0R1 49/60 mandarin:ZH-CN_U1082_S0_63:8 ok 0.5s
P0R1 50/60 mandarin:ZH-CN_U1064_S0_26:55 ok 1.5s
P0R1 51/60 mandarin:ZH-CN_U0011_S0_166:18 ok 0.7s
P0R1 52/60 mandarin:ZH-CN_U1033_S0_212:20 ok 0.7s
P0R1 53/60 mandarin:ZH-CN_U1001_S0_44:7 ok 0.5s
P0R1 54/60 mandarin:ZH-CN_U1082_S0_132:11 ok 0.6s
P0R1 55/60 mandarin:ZH-CN_U1022_S0_71:48 ok 1.3s
P0R1 56/60 mandarin:ZH-CN_U0027_S0_4:7 ok 0.5s
P0R1 57/60 mandarin:ZH-CN_U1028_S0_22:33 ok 1.0s
P0R1 58/60 mandarin:ZH-CN_U1001_S0_482:9 ok 0.6s
P0R1 59/60 mandarin:ZH-CN_U0101_S0_187:61 ok 1.4s
P0R1 60/60 mandarin:ZH-CN_U0022_S0_302:19 ok 0.7s
