P2-DIR exp1 1/80 ZH-CN_U0011_S0_103 ok 1.8s
P2-DIR exp1 2/80 ZH-CN_U0011_S0_265 ok 1.0s
P2-DIR exp1 3/80 ZH-CN_U0011_S0_503 ok 0.4s
P2-DIR exp1 4/80 ZH-CN_U0011_S0_780 ok 0.7s
P2-DIR exp1 5/80 ZH-CN_U0012_S0_598 ok 2.7s
P2-DIR exp1 6/80 ZH-CN_U0012_S0_600 ok 1.6s
P2-DIR exp1 7/80 ZH-CN_U0021_S0_513 ok 1.4s
P2-DIR exp1 8/80 ZH-CN_U0022_S0_228 ok 3.2s
P2-DIR exp1 9/80 ZH-CN_U0022_S0_379 ok 1.6s
P2-DIR exp1 10/80 ZH-CN_U0022_S0_77 ok 0.7s
P2-DIR exp1 11/80 ZH-CN_U0023_S0_253 ok 0.6s
P2-DIR exp1 12/80 ZH-CN_U0023_S0_560 ok 1.1s
P2-DIR exp1 13/80 ZH-CN_U0023_S0_87 ok 0.7s
P2-DIR exp1 14/80 ZH-CN_U0023_S0_91 ok 0.4s
P2-DIR exp1 15/80 ZH-CN_U0024_S0_97 ok 1.3s
P2-DIR exp1 16/80 ZH-CN_U0027_S0_114 ok 1.7s
P2-DIR exp1 17/80 ZH-CN_U0027_S0_157 ok 1.2s
P2-DIR exp1 18/80 ZH-CN_U0028_S0_37 ok 1.0s
P2-DIR exp1 19/80 ZH-CN_U0029_S0_294 ok 1.3s
P2-DIR exp1 20/80 ZH-CN_U0029_S0_340 ok 1.0s
P2-DIR exp1 21/80 ZH-CN_U0029_S0_95 ok 0.7s
P2-DIR exp1 22/80 ZH-CN_U0030_S0_61 ok 0.8s
P2-DIR exp1 23/80 ZH-CN_U0039_S0_380 ok 3.7s
P2-DIR exp1 24/80 ZH-CN_U0039_S0_81 ok 0.7s
P2-DIR exp1 25/80 ZH-CN_U0040_S0_149 ok 0.8s
P2-DIR exp1 26/80 ZH-CN_U0040_S0_407 ok 0.3s
P2-DIR exp1 27/80 ZH-CN_U0040_S0_454 ok 0.6s
P2-DIR exp1 28/80 ZH-CN_U0085_S0_108 ok 0.8s
P2-DIR exp1 29/80 ZH-CN_U0085_S0_185 ok 1.5s
P2-DIR exp1 30/80 ZH-CN_U0085_S0_99 ok 0.8s
P2-DIR exp1 31/80 ZH-CN_U0086_S0_185 ok 2.8s
P2-DIR exp1 32/80 ZH-CN_U0091_S0_104 ok 1.6s
P2-DIR exp1 33/80 ZH-CN_U0091_S0_209 ok 1.9s
P2-DIR exp1 34/80 ZH-CN_U0091_S0_228 ok 1.1s
P2-DIR exp1 35/80 ZH-CN_U0092_S0_101 ok 0.8s
P2-DIR exp1 36/80 ZH-CN_U0101_S0_190 ok 1.4s
P2-DIR exp1 37/80 ZH-CN_U0101_S0_203 ok 3.4s
P2-DIR exp1 38/80 ZH-CN_U0101_S0_205 ok 1.2s
P2-DIR exp1 39/80 ZH-CN_U0102_S0_52 ok 0.6s
P2-DIR exp1 40/80 ZH-CN_U0102_S0_80 ok 0.5s
P2-DIR exp1 41/80 ZH-CN_U1001_S0_164 ok 1.2s
P2-DIR exp1 42/80 ZH-CN_U1001_S0_44 ok 0.6s
P2-DIR exp1 43/80 ZH-CN_U1001_S0_482 ok 1.2s
P2-DIR exp1 44/80 ZH-CN_U1002_S0_488 ok 1.3s
P2-DIR exp1 45/80 ZH-CN_U1003_S0_135 ok 1.0s
P2-DIR exp1 46/80 ZH-CN_U1003_S0_141 ok 4.6s
P2-DIR exp1 47/80 ZH-CN_U1003_S0_19 ok 2.0s
P2-DIR exp1 48/80 ZH-CN_U1004_S0_224 ok 0.6s
P2-DIR exp1 49/80 ZH-CN_U1004_S0_310 ok 1.1s
P2-DIR exp1 50/80 ZH-CN_U1021_S0_173 ok 1.5s
P2-DIR exp1 51/80 ZH-CN_U1021_S0_205 ok 1.3s
P2-DIR exp1 52/80 ZH-CN_U1022_S0_187 ok 0.4s
P2-DIR exp1 53/80 ZH-CN_U1027_S0_3 ok 0.9s
P2-DIR exp1 54/80 ZH-CN_U1027_S0_57 ok 0.5s
P2-DIR exp1 55/80 ZH-CN_U1028_S0_1 ok 2.6s
P2-DIR exp1 56/80 ZH-CN_U1033_S0_159 ok 0.5s
P2-DIR exp1 57/80 ZH-CN_U1033_S0_191 ok 0.7s
P2-DIR exp1 58/80 ZH-CN_U1033_S0_199 ok 1.4s
P2-DIR exp1 59/80 ZH-CN_U1034_S0_173 ok 2.1s
P2-DIR exp1 60/80 ZH-CN_U1034_S0_49 ok 0.5s
P2-DIR exp1 61/80 ZH-CN_U1063_S0_17 ok 2.2s
P2-DIR exp1 62/80 ZH-CN_U1063_S0_26 ok 2.5s
P2-DIR exp1 63/80 ZH-CN_U1063_S0_54 ok 2.6s
P2-DIR exp1 64/80 ZH-CN_U1064_S0_100 ok 2.9s
P2-DIR exp1 65/80 ZH-CN_U1076_S0_24 ok 2.2s
P2-DIR exp1 66/80 ZH-CN_U1079_S0_70 ok 2.3s
P2-DIR exp1 67/80 ZH-CN_U1080_S0_1 ok 5.6s
P2-DIR exp1 68/80 ZH-CN_U1080_S0_181 ok 1.4s
P2-DIR exp1 69/80 ZH-CN_U1080_S0_57 ok 1.4s
P2-DIR exp1 70/80 ZH-CN_U1081_S0_131 ok 0.3s
P2-DIR exp1 71/80 ZH-CN_U1081_S0_172 ok 1.1s
P2-DIR exp1 72/80 ZH-CN_U1081_S0_184 ok 1.4s
P2-DIR exp1 73/80 ZH-CN_U1081_S0_65 ok 1.1s
P2-DIR exp1 74/80 ZH-CN_U1082_S0_144 ok 1.0s
P2-DIR exp1 75/80 ZH-CN_U1082_S0_60 ok 0.4s
P2-DIR exp1 76/80 ZH-CN_U2003_S0_280 ok 2.1s
P2-DIR exp1 77/80 ZH-CN_U2004_S0_272 ok 1.1s
P2-DIR exp1 78/80 ZH-CN_U2011_S0_108 ok 1.3s
P2-DIR exp1 79/80 ZH-CN_U2011_S0_93 ok 1.6s
P2-DIR exp1 80/80 ZH-CN_U2012_S0_108 ok 0.8s
P2-DIR exp1-eval 1/80 ZH-CN_U0011_S0_103 ok 0.9s
P2-DIR exp1-eval 2/80 ZH-CN_U0011_S0_265 ok 0.5s
P2-DIR exp1-eval 3/80 ZH-CN_U0011_S0_503 ok 0.3s
P2-DIR exp1-eval 4/80 ZH-CN_U0011_S0_780 ok 0.4s
P2-DIR exp1-eval 5/80 ZH-CN_U0012_S0_598 ok 1.6s
P2-DIR exp1-eval 6/80 ZH-CN_U0012_S0_600 ok 0.9s
P2-DIR exp1-eval 7/80 ZH-CN_U0021_S0_513 ok 0.7s
P2-DIR exp1-eval 8/80 ZH-CN_U0022_S0_228 ok 1.5s
P2-DIR exp1-eval 9/80 ZH-CN_U0022_S0_379 ok 0.8s
P2-DIR exp1-eval 10/80 ZH-CN_U0022_S0_77 ok 0.4s
P2-DIR exp1-eval 11/80 ZH-CN_U0023_S0_253 ok 0.3s
P2-DIR exp1-eval 12/80 ZH-CN_U0023_S0_560 ok 0.5s
P2-DIR exp1-eval 13/80 ZH-CN_U0023_S0_87 ok 0.3s
P2-DIR exp1-eval 14/80 ZH-CN_U0023_S0_91 ok 0.2s
P2-DIR exp1-eval 15/80 ZH-CN_U0024_S0_97 ok 0.6s
P2-DIR exp1-eval 16/80 ZH-CN_U0027_S0_114 ok 0.8s
P2-DIR exp1-eval 17/80 ZH-CN_U0027_S0_157 ok 0.6s
P2-DIR exp1-eval 18/80 ZH-CN_U0028_S0_37 ok 0.5s
P2-DIR exp1-eval 19/80 ZH-CN_U0029_S0_294 ok 0.6s
P2-DIR exp1-eval 20/80 ZH-CN_U0029_S0_340 ok 0.5s
P2-DIR exp1-eval 21/80 ZH-CN_U0029_S0_95 ok 0.4s
P2-DIR exp1-eval 22/80 ZH-CN_U0030_S0_61 ok 0.4s
P2-DIR exp1-eval 23/80 ZH-CN_U0039_S0_380 ok 1.7s
P2-DIR exp1-eval 24/80 ZH-CN_U0039_S0_81 ok 0.4s
P2-DIR exp1-eval 25/80 ZH-CN_U0040_S0_149 ok 0.4s
P2-DIR exp1-eval 26/80 ZH-CN_U0040_S0_407 ok 0.2s
P2-DIR exp1-eval 27/80 ZH-CN_U0040_S0_454 ok 0.3s
P2-DIR exp1-eval 28/80 ZH-CN_U0085_S0_108 ok 0.4s
P2-DIR exp1-eval 29/80 ZH-CN_U0085_S0_185 ok 0.7s
P2-DIR exp1-eval 30/80 ZH-CN_U0085_S0_99 ok 0.4s
P2-DIR exp1-eval 31/80 ZH-CN_U0086_S0_185 ok 1.4s
P2-DIR exp1-eval 32/80 ZH-CN_U0091_S0_104 ok 0.8s
P2-DIR exp1-eval 33/80 ZH-CN_U0091_S0_209 ok 0.9s
P2-DIR exp1-eval 34/80 ZH-CN_U0091_S0_228 ok 0.5s
P2-DIR exp1-eval 35/80 ZH-CN_U0092_S0_101 ok 0.4s
P2-DIR exp1-eval 36/80 ZH-CN_U0101_S0_190 ok 0.6s
P2-DIR exp1-eval 37/80 ZH-CN_U0101_S0_203 ok 1.6s
P2-DIR exp1-eval 38/80 ZH-CN_U0101_S0_205 ok 0.6s
P2-DIR exp1-eval 39/80 ZH-CN_U0102_S0_52 ok 0.3s
P2-DIR exp1-eval 40/80 ZH-CN_U0102_S0_80 ok 0.2s
P2-DIR exp1-eval 41/80 ZH-CN_U1001_S0_164 ok 0.5s
P2-DIR exp1-eval 42/80 ZH-CN_U1001_S0_44 ok 0.3s
P2-DIR exp1-eval 43/80 ZH-CN_U1001_S0_482 ok 0.5s
P2-DIR exp1-eval 44/80 ZH-CN_U1002_S0_488 ok 0.6s
P2-DIR exp1-eval 45/80 ZH-CN_U1003_S0_135 ok 0.5s
P2-DIR exp1-eval 46/80 ZH-CN_U1003_S0_141 ok 2.2s
P2-DIR exp1-eval 47/80 ZH-CN_U1003_S0_19 ok 1.0s
P2-DIR exp1-eval 48/80 ZH-CN_U1004_S0_224 ok 0.3s
P2-DIR exp1-eval 49/80 ZH-CN_U1004_S0_310 ok 0.5s
P2-DIR exp1-eval 50/80 ZH-CN_U1021_S0_173 ok 0.7s
P2-DIR exp1-eval 51/80 ZH-CN_U1021_S0_205 ok 0.6s
P2-DIR exp1-eval 52/80 ZH-CN_U1022_S0_187 ok 0.2s
P2-DIR exp1-eval 53/80 ZH-CN_U1027_S0_3 ok 0.5s
P2-DIR exp1-eval 54/80 ZH-CN_U1027_S0_57 ok 0.2s
P2-DIR exp1-eval 55/80 ZH-CN_U1028_S0_1 ok 1.2s
P2-DIR exp1-eval 56/80 ZH-CN_U1033_S0_159 ok 0.3s
P2-DIR exp1-eval 57/80 ZH-CN_U1033_S0_191 ok 0.3s
P2-DIR exp1-eval 58/80 ZH-CN_U1033_S0_199 ok 0.7s
P2-DIR exp1-eval 59/80 ZH-CN_U1034_S0_173 ok 1.0s
P2-DIR exp1-eval 60/80 ZH-CN_U1034_S0_49 ok 0.3s
P2-DIR exp1-eval 61/80 ZH-CN_U1063_S0_17 ok 1.0s
P2-DIR exp1-eval 62/80 ZH-CN_U1063_S0_26 ok 1.2s
P2-DIR exp1-eval 63/80 ZH-CN_U1063_S0_54 ok 1.2s
P2-DIR exp1-eval 64/80 ZH-CN_U1064_S0_100 ok 1.4s
P2-DIR exp1-eval 65/80 ZH-CN_U1076_S0_24 ok 1.0s
P2-DIR exp1-eval 66/80 ZH-CN_U1079_S0_70 ok 1.0s
P2-DIR exp1-eval 67/80 ZH-CN_U1080_S0_1 ok 2.7s
P2-DIR exp1-eval 68/80 ZH-CN_U1080_S0_181 ok 0.7s
P2-DIR exp1-eval 69/80 ZH-CN_U1080_S0_57 ok 0.7s
P2-DIR exp1-eval 70/80 ZH-CN_U1081_S0_131 ok 0.2s
P2-DIR exp1-eval 71/80 ZH-CN_U1081_S0_172 ok 0.6s
P2-DIR exp1-eval 72/80 ZH-CN_U1081_S0_184 ok 0.7s
P2-DIR exp1-eval 73/80 ZH-CN_U1081_S0_65 ok 0.6s
P2-DIR exp1-eval 74/80 ZH-CN_U1082_S0_144 ok 0.6s
P2-DIR exp1-eval 75/80 ZH-CN_U1082_S0_60 ok 0.2s
P2-DIR exp1-eval 76/80 ZH-CN_U2003_S0_280 ok 1.0s
P2-DIR exp1-eval 77/80 ZH-CN_U2004_S0_272 ok 0.6s
P2-DIR exp1-eval 78/80 ZH-CN_U2011_S0_108 ok 0.6s
P2-DIR exp1-eval 79/80 ZH-CN_U2011_S0_93 ok 0.9s
P2-DIR exp1-eval 80/80 ZH-CN_U2012_S0_108 ok 0.5s
spot ZH-CN_U0023_S0_253 1 ok=True
spot ZH-CN_U1027_S0_3 9 ok=True
spot ZH-CN_U1081_S0_172 1 ok=True
spot ZH-CN_U1027_S0_57 3 ok=True
spot ZH-CN_U0011_S0_265 18 ok=True
spot ZH-CN_U1080_S0_1 183 ok=True
spot ZH-CN_U1064_S0_100 98 ok=True
spot ZH-CN_U1080_S0_181 21 ok=True
spot ZH-CN_U0011_S0_265 3 ok=True
spot ZH-CN_U0030_S0_61 3 ok=True
spot ZH-CN_U2012_S0_108 19 ok=True
spot ZH-CN_U0101_S0_205 38 ok=True
spot ZH-CN_U0039_S0_380 75 ok=True
spot ZH-CN_U1063_S0_26 55 ok=True
spot ZH-CN_U0011_S0_103 2 ok=True
spot ZH-CN_U2011_S0_108 40 ok=True
spot ZH-CN_U2003_S0_280 35 ok=True
spot ZH-CN_U1028_S0_1 87 ok=True
spot ZH-CN_U1033_S0_199 45 ok=True
spot ZH-CN_U0023_S0_87 17 ok=True
spot ZH-CN_U1003_S0_141 18 ok=True
spot ZH-CN_U0029_S0_95 2 ok=True
spot ZH-CN_U1034_S0_173 64 ok=True
spot ZH-CN_U1063_S0_26 84 ok=True
spot ZH-CN_U0085_S0_99 16 ok=True
spot ZH-CN_U0091_S0_209 53 ok=True
spot ZH-CN_U0011_S0_103 9 ok=True
spot ZH-CN_U0039_S0_380 116 ok=True
spot ZH-CN_U2003_S0_280 20 ok=True
spot ZH-CN_U0028_S0_37 6 ok=True
{
 "n": 30,
 "ok": true
}
